Component: ARM Compiler 5.06 update 5 (build 528) Tool: armlink [4d35e2]

==============================================================================

Section Cross References

    startup_stm32f10x_md.o(STACK) refers (Special) to heapauxi.o(.text) for __use_two_region_memory
    startup_stm32f10x_md.o(HEAP) refers (Special) to heapauxi.o(.text) for __use_two_region_memory
    startup_stm32f10x_md.o(RESET) refers (Special) to heapauxi.o(.text) for __use_two_region_memory
    startup_stm32f10x_md.o(RESET) refers to startup_stm32f10x_md.o(STACK) for __initial_sp
    startup_stm32f10x_md.o(RESET) refers to startup_stm32f10x_md.o(.text) for Reset_Handler
    startup_stm32f10x_md.o(RESET) refers to stm32f10x_it.o(i.NMI_Handler) for NMI_Handler
    startup_stm32f10x_md.o(RESET) refers to stm32f10x_it.o(i.HardFault_Handler) for HardFault_Handler
    startup_stm32f10x_md.o(RESET) refers to stm32f10x_it.o(i.MemManage_Handler) for MemManage_Handler
    startup_stm32f10x_md.o(RESET) refers to stm32f10x_it.o(i.BusFault_Handler) for BusFault_Handler
    startup_stm32f10x_md.o(RESET) refers to stm32f10x_it.o(i.UsageFault_Handler) for UsageFault_Handler
    startup_stm32f10x_md.o(RESET) refers to stm32f10x_it.o(i.SVC_Handler) for SVC_Handler
    startup_stm32f10x_md.o(RESET) refers to stm32f10x_it.o(i.DebugMon_Handler) for DebugMon_Handler
    startup_stm32f10x_md.o(RESET) refers to stm32f10x_it.o(i.PendSV_Handler) for PendSV_Handler
    startup_stm32f10x_md.o(RESET) refers to stm32f10x_it.o(i.SysTick_Handler) for SysTick_Handler
    startup_stm32f10x_md.o(RESET) refers to serial.o(i.USART3_IRQHandler) for USART3_IRQHandler
    startup_stm32f10x_md.o(.text) refers (Special) to heapauxi.o(.text) for __use_two_region_memory
    startup_stm32f10x_md.o(.text) refers to system_stm32f10x.o(i.SystemInit) for SystemInit
    startup_stm32f10x_md.o(.text) refers to __main.o(!!!main) for __main
    startup_stm32f10x_md.o(.text) refers to startup_stm32f10x_md.o(HEAP) for Heap_Mem
    startup_stm32f10x_md.o(.text) refers to startup_stm32f10x_md.o(STACK) for Stack_Mem
    system_stm32f10x.o(i.SetSysClock) refers to system_stm32f10x.o(i.SetSysClockTo72) for SetSysClockTo72
    system_stm32f10x.o(i.SystemCoreClockUpdate) refers to system_stm32f10x.o(.data) for SystemCoreClock
    system_stm32f10x.o(i.SystemInit) refers to system_stm32f10x.o(i.SetSysClock) for SetSysClock
    stm32f10x_adc.o(i.ADC_DeInit) refers to stm32f10x_rcc.o(i.RCC_APB2PeriphResetCmd) for RCC_APB2PeriphResetCmd
    stm32f10x_bkp.o(i.BKP_DeInit) refers to stm32f10x_rcc.o(i.RCC_BackupResetCmd) for RCC_BackupResetCmd
    stm32f10x_can.o(i.CAN_DeInit) refers to stm32f10x_rcc.o(i.RCC_APB1PeriphResetCmd) for RCC_APB1PeriphResetCmd
    stm32f10x_can.o(i.CAN_GetITStatus) refers to stm32f10x_can.o(i.CheckITStatus) for CheckITStatus
    stm32f10x_cec.o(i.CEC_DeInit) refers to stm32f10x_rcc.o(i.RCC_APB1PeriphResetCmd) for RCC_APB1PeriphResetCmd
    stm32f10x_dac.o(i.DAC_DeInit) refers to stm32f10x_rcc.o(i.RCC_APB1PeriphResetCmd) for RCC_APB1PeriphResetCmd
    stm32f10x_flash.o(i.FLASH_EnableWriteProtection) refers to stm32f10x_flash.o(i.FLASH_WaitForLastOperation) for FLASH_WaitForLastOperation
    stm32f10x_flash.o(i.FLASH_EraseAllBank1Pages) refers to stm32f10x_flash.o(i.FLASH_WaitForLastBank1Operation) for FLASH_WaitForLastBank1Operation
    stm32f10x_flash.o(i.FLASH_EraseAllPages) refers to stm32f10x_flash.o(i.FLASH_WaitForLastOperation) for FLASH_WaitForLastOperation
    stm32f10x_flash.o(i.FLASH_EraseOptionBytes) refers to stm32f10x_flash.o(i.FLASH_GetReadOutProtectionStatus) for FLASH_GetReadOutProtectionStatus
    stm32f10x_flash.o(i.FLASH_EraseOptionBytes) refers to stm32f10x_flash.o(i.FLASH_WaitForLastOperation) for FLASH_WaitForLastOperation
    stm32f10x_flash.o(i.FLASH_ErasePage) refers to stm32f10x_flash.o(i.FLASH_WaitForLastOperation) for FLASH_WaitForLastOperation
    stm32f10x_flash.o(i.FLASH_ProgramHalfWord) refers to stm32f10x_flash.o(i.FLASH_WaitForLastOperation) for FLASH_WaitForLastOperation
    stm32f10x_flash.o(i.FLASH_ProgramOptionByteData) refers to stm32f10x_flash.o(i.FLASH_WaitForLastOperation) for FLASH_WaitForLastOperation
    stm32f10x_flash.o(i.FLASH_ProgramWord) refers to stm32f10x_flash.o(i.FLASH_WaitForLastOperation) for FLASH_WaitForLastOperation
    stm32f10x_flash.o(i.FLASH_ReadOutProtection) refers to stm32f10x_flash.o(i.FLASH_WaitForLastOperation) for FLASH_WaitForLastOperation
    stm32f10x_flash.o(i.FLASH_UserOptionByteConfig) refers to stm32f10x_flash.o(i.FLASH_WaitForLastOperation) for FLASH_WaitForLastOperation
    stm32f10x_flash.o(i.FLASH_WaitForLastBank1Operation) refers to stm32f10x_flash.o(i.FLASH_GetBank1Status) for FLASH_GetBank1Status
    stm32f10x_flash.o(i.FLASH_WaitForLastOperation) refers to stm32f10x_flash.o(i.FLASH_GetBank1Status) for FLASH_GetBank1Status
    stm32f10x_gpio.o(i.GPIO_AFIODeInit) refers to stm32f10x_rcc.o(i.RCC_APB2PeriphResetCmd) for RCC_APB2PeriphResetCmd
[...]
    i.DebugMon_Handler                       0x08001ee4   Section        0  stm32f10x_it.o(i.DebugMon_Handler)
    i.Delay_ms                               0x08001ee6   Section        0  delay.o(i.Delay_ms)
    i.Delay_us                               0x08001efe   Section        0  delay.o(i.Delay_us)
    i.GPIOA_init                             0x08001f2c   Section        0  gpio_init.o(i.GPIOA_init)
    i.GPIO_Init                              0x08001f58   Section        0  stm32f10x_gpio.o(i.GPIO_Init)
    i.GPIO_ReadInputDataBit                  0x0800206e   Section        0  stm32f10x_gpio.o(i.GPIO_ReadInputDataBit)
    i.GPIO_WriteBit                          0x08002080   Section        0  stm32f10x_gpio.o(i.GPIO_WriteBit)
    i.HardFault_Handler                      0x0800208a   Section        0  stm32f10x_it.o(i.HardFault_Handler)
    i.Indicator_light_init                   0x08002090   Section        0  gpio_init.o(i.Indicator_light_init)
    i.Key_check                              0x080020bc   Section        0  key.o(i.Key_check)
    i.Key_init                               0x080020ee   Section        0  key.o(i.Key_init)
    i.MemManage_Handler                      0x080020fa   Section        0  stm32f10x_it.o(i.MemManage_Handler)
    i.MyRTC_gettime                          0x08002100   Section        0  myrtc.o(i.MyRTC_gettime)
    i.MyRTC_init                             0x08002148   Section        0  myrtc.o(i.MyRTC_init)
    i.MyRTC_settime                          0x080021bc   Section        0  myrtc.o(i.MyRTC_settime)
    i.NFC_Clear_status                       0x08002208   Section        0  nfc_usart.o(i.NFC_Clear_status)
    i.NFC_GET_UID                            0x0800223c   Section        0  nfc_usart.o(i.NFC_GET_UID)
    i.NFC_ReadIDCard                         0x08002260   Section        0  nfc_usart.o(i.NFC_ReadIDCard)
    i.NFC_Send_SAM_command                   0x08002288   Section        0  nfc_usart.o(i.NFC_Send_SAM_command)
    i.NFC_USART_init                         0x080022c0   Section        0  nfc_usart.o(i.NFC_USART_init)
    i.NMI_Handler                            0x0800234c   Section        0  stm32f10x_it.o(i.NMI_Handler)
    i.NVIC_Init                              0x08002350   Section        0  misc.o(i.NVIC_Init)
    i.NVIC_PriorityGroupConfig               0x080023c0   Section        0  misc.o(i.NVIC_PriorityGroupConfig)
    i.OLED_Clear                             0x080023d4   Section        0  oled.o(i.OLED_Clear)
    i.OLED_ClearArea                         0x080023fc   Section        0  oled.o(i.OLED_ClearArea)
    i.OLED_DrawPoint                         0x0800248c   Section        0  oled.o(i.OLED_DrawPoint)
    i.OLED_DrawRectangle                     0x080024dc   Section        0  oled.o(i.OLED_DrawRectangle)
    i.OLED_GPIO_Init                         0x0800256c   Section        0  oled.o(i.OLED_GPIO_Init)
    i.OLED_Init                              0x0800261c   Section        0  oled.o(i.OLED_Init)
    i.OLED_Printf                            0x080026b6   Section        0  oled.o(i.OLED_Printf)
    i.OLED_ReverseArea                       0x080026e8   Section        0  oled.o(i.OLED_ReverseArea)
    i.OLED_SPI_SendByte                      0x08002778   Section        0  oled.o(i.OLED_SPI_SendByte)
    i.OLED_SetCursor                         0x080027aa   Section        0  oled.o(i.OLED_SetCursor)
    i.OLED_ShowChar                          0x080027cc   Section        0  oled.o(i.OLED_ShowChar)
    i.OLED_ShowImage                         0x08002820   Section        0  oled.o(i.OLED_ShowImage)
    i.OLED_ShowString                        0x0800291c   Section        0  oled.o(i.OLED_ShowString)
    i.OLED_Update                            0x08002ae0   Section        0  oled.o(i.OLED_Update)
    i.OLED_W_CS                              0x08002b08   Section        0  oled.o(i.OLED_W_CS)
    i.OLED_W_D0                              0x08002b20   Section        0  oled.o(i.OLED_W_D0)
    i.OLED_W_D1                              0x08002b38   Section        0  oled.o(i.OLED_W_D1)
    i.OLED_W_DC                              0x08002b50   Section        0  oled.o(i.OLED_W_DC)
    i.OLED_W_RES                             0x08002b68   Section        0  oled.o(i.OLED_W_RES)
    i.OLED_WriteCommand                      0x08002b80   Section        0  oled.o(i.OLED_WriteCommand)
    i.OLED_WriteData                         0x08002b9e   Section        0  oled.o(i.OLED_WriteData)
    i.PWR_BackupAccessCmd                    0x08002bcc   Section        0  stm32f10x_pwr.o(i.PWR_BackupAccessCmd)
    i.PendSV_Handler                         0x08002bd8   Section        0  stm32f10x_it.o(i.PendSV_Handler)
    i.RCC_APB1PeriphClockCmd                 0x08002bdc   Section        0  stm32f10x_rcc.o(i.RCC_APB1PeriphClockCmd)
    i.RCC_APB2PeriphClockCmd                 0x08002bfc   Section        0  stm32f10x_rcc.o(i.RCC_APB2PeriphClockCmd)
    i.RCC_GetClocksFreq                      0x08002c1c   Section        0  stm32f10x_rcc.o(i.RCC_GetClocksFreq)
    i.RCC_GetFlagStatus                      0x08002cf0   Section        0  stm32f10x_rcc.o(i.RCC_GetFlagStatus)
    i.RCC_LSEConfig                          0x08002d2c   Section        0  stm32f10x_rcc.o(i.RCC_LSEConfig)
    i.RCC_RTCCLKCmd                          0x08002d60   Section        0  stm32f10x_rcc.o(i.RCC_RTCCLKCmd)
    i.RCC_RTCCLKConfig                       0x08002d6c   Section        0  stm32f10x_rcc.o(i.RCC_RTCCLKConfig)
    i.RTC_EnterConfigMode                    0x08002d7c   Section        0  stm32f10x_rtc.o(i.RTC_EnterConfigMode)
    i.RTC_ExitConfigMode                     0x08002d90   Section        0  stm32f10x_rtc.o(i.RTC_ExitConfigMode)
    i.RTC_GetCounter                         0x08002da4   Section        0  stm32f10x_rtc.o(i.RTC_GetCounter)
    i.RTC_SetCounter                         0x08002db8   Section        0  stm32f10x_rtc.o(i.RTC_SetCounter)
    i.RTC_SetPrescaler                       0x08002dd4   Section        0  stm32f10x_rtc.o(i.RTC_SetPrescaler)
    i.RTC_WaitForLastTask                    0x08002df4   Section        0  stm32f10x_rtc.o(i.RTC_WaitForLastTask)
    i.RTC_WaitForSynchro                     0x08002e08   Section        0  stm32f10x_rtc.o(i.RTC_WaitForSynchro)
    i.SVC_Handler                            0x08002e2c   Section        0  stm32f10x_it.o(i.SVC_Handler)
    i.Serial_SendArray                       0x08002e2e   Section        0  serial.o(i.Serial_SendArray)
    i.Serial_SendByte                        0x08002e48   Section        0  serial.o(i.Serial_SendByte)
    i.Serial_init                            0x08002e68   Section        0  serial.o(i.Serial_init)
    i.SetSysClock                            0x08002f28   Section        0  system_stm32f10x.o(i.SetSysClock)
    SetSysClock                              0x08002f29   Thumb Code     8  system_stm32f10x.o(i.SetSysClock)
    i.SetSysClockTo72                        0x08002f30   Section        0  system_stm32f10x.o(i.SetSysClockTo72)
    SetSysClockTo72                          0x08002f31   Thumb Code   214  system_stm32f10x.o(i.SetSysClockTo72)
    i.SysTick_Handler                        0x08003010   Section        0  stm32f10x_it.o(i.SysTick_Handler)
    i.SystemInit                             0x08003014   Section        0  system_stm32f10x.o(i.SystemInit)
    i.Tran_Hex2Str                           0x08003074   Section        0  main.o(i.Tran_Hex2Str)
    i.USART3_IRQHandler                      0x080030d8   Section        0  serial.o(i.USART3_IRQHandler)
    i.USART_ClearITPendingBit                0x08003118   Section        0  stm32f10x_usart.o(i.USART_ClearITPendingBit)
    i.USART_Cmd                              0x08003136   Section        0  stm32f10x_usart.o(i.USART_Cmd)
    i.USART_GetFlagStatus                    0x0800314e   Section        0  stm32f10x_usart.o(i.USART_GetFlagStatus)
    i.USART_GetITStatus                      0x08003168   Section        0  stm32f10x_usart.o(i.USART_GetITStatus)
    i.USART_ITConfig                         0x080031bc   Section        0  stm32f10x_usart.o(i.USART_ITConfig)
    i.USART_Init                             0x08003208   Section        0  stm32f10x_usart.o(i.USART_Init)
    i.USART_ReceiveData                      0x080032e0   Section        0  stm32f10x_usart.o(i.USART_ReceiveData)
    i.USART_SendData                         0x080032ea   Section        0  stm32f10x_usart.o(i.USART_SendData)
    i.UsageFault_Handler                     0x080032f2   Section        0  stm32f10x_it.o(i.UsageFault_Handler)
    i.__ARM_fpclassify                       0x080032f6   Section        0  fpclassify.o(i.__ARM_fpclassify)
    i._is_digit                              0x0800331e   Section        0  __printf_wp.o(i._is_digit)
    i.activate_page                          0x0800332c   Section        0  main.o(i.activate_page)
    i.data_init                              0x080033ec   Section        0  main.o(i.data_init)
    i.game_page                              0x080034b0   Section        0  main.o(i.game_page)
    i.home_page                              0x080034fc   Section        0  main.o(i.home_page)
    i.main                                   0x08003600   Section        0  main.o(i.main)
    i.menu_page                              0x08003660   Section        0  main.o(i.menu_page)
    i.read_page                              0x08003790   Section        0  main.o(i.read_page)
    i.reverse_menu                           0x08003974   Section        0  main.o(i.reverse_menu)
    i.write_page                             0x08003a68   Section        0  main.o(i.write_page)
    i.write_page_nread_card                  0x08003abc   Section        0  main.o(i.write_page_nread_card)
    i.write_page_read_card                   0x08003b7c   Section        0  main.o(i.write_page_read_card)
    locale$$code                             0x08003db4   Section       44  lc_numeric_c.o(locale$$code)
    locale$$code                             0x08003de0   Section       44  lc_ctype_c.o(locale$$code)
    x$fpl$ddiv                               0x08003e0c   Section      688  ddiv.o(x$fpl$ddiv)
    ddiv_entry                               0x08003e13   Thumb Code     0  ddiv.o(x$fpl$ddiv)
    x$fpl$dfix                               0x080040bc   Section       94  dfix.o(x$fpl$dfix)
    x$fpl$dflt                               0x0800411a   Section       46  dflt_clz.o(x$fpl$dflt)
    x$fpl$dfltu                              0x08004148   Section       38  dflt_clz.o(x$fpl$dfltu)
    x$fpl$dmul                               0x08004170   Section      340  dmul.o(x$fpl$dmul)
    x$fpl$dnaninf                            0x080042c4   Section      156  dnaninf.o(x$fpl$dnaninf)
    x$fpl$dretinf                            0x08004360   Section       12  dretinf.o(x$fpl$dretinf)
    x$fpl$printf1                            0x0800436c   Section        4  printf1.o(x$fpl$printf1)
    x$fpl$printf2                            0x08004370   Section        4  printf2.o(x$fpl$printf2)
    .constdata                               0x08004374   Section     2501  oled_data.o(.constdata)
    x$fpl$usenofp                            0x08004374   Section        0  usenofp.o(x$fpl$usenofp)
    .constdata                               0x08004d3c   Section        8  _printf_wctomb.o(.constdata)
    initial_mbstate                          0x08004d3c   Data           8  _printf_wctomb.o(.constdata)
    .constdata                               0x08004d44   Section       40  _printf_hex_int_ll_ptr.o(.constdata)
    uc_hextab                                0x08004d44   Data          20  _printf_hex_int_ll_ptr.o(.constdata)
    lc_hextab                                0x08004d58   Data          20  _printf_hex_int_ll_ptr.o(.constdata)
    .constdata                               0x08004d6c   Section       17  __printf_flags_ss_wp.o(.constdata)
    maptable                                 0x08004d6c   Data          17  __printf_flags_ss_wp.o(.constdata)
    .constdata                               0x08004d7d   Section       12  _monlen.o(.constdata)
    .constdata                               0x08004d89   Section       38  _printf_fp_hex.o(.constdata)
    lc_hextab                                0x08004d89   Data          19  _printf_fp_hex.o(.constdata)
    uc_hextab                                0x08004d9c   Data          19  _printf_fp_hex.o(.constdata)
    .constdata                               0x08004db0   Section      148  bigflt0.o(.constdata)
    tenpwrs_x                                0x08004db0   Data          60  bigflt0.o(.constdata)
    tenpwrs_i                                0x08004dec   Data          64  bigflt0.o(.constdata)
    locale$$data                             0x08004e64   Section       28  lc_numeric_c.o(locale$$data)
    __lcnum_c_name                           0x08004e68   Data           2  lc_numeric_c.o(locale$$data)
    __lcnum_c_start                          0x08004e70   Data           0  lc_numeric_c.o(locale$$data)
    __lcnum_c_point                          0x08004e7c   Data           0  lc_numeric_c.o(locale$$data)
    __lcnum_c_thousands                      0x08004e7e   Data           0  lc_numeric_c.o(locale$$data)
    __lcnum_c_grouping                       0x08004e7f   Data           0  lc_numeric_c.o(locale$$data)
    locale$$data                             0x08004e80   Section      272  lc_ctype_c.o(locale$$data)
    __lcnum_c_end                            0x08004e80   Data           0  lc_numeric_c.o(locale$$data)
    __lcctype_c_name                         0x08004e84   Data           2  lc_ctype_c.o(locale$$data)
    __lcctype_c_start                        0x08004e8c   Data           0  lc_ctype_c.o(locale$$data)
    __lcctype_c_end                          0x08004f90   Data           0  lc_ctype_c.o(locale$$data)
    .data                                    0x20000000   Section       20  stm32f10x_rcc.o(.data)
    APBAHBPrescTable                         0x20000000   Data          16  stm32f10x_rcc.o(.data)
    ADCPrescTable                            0x20000010   Data           4  stm32f10x_rcc.o(.data)
    .data                                    0x20000014   Section       15  main.o(.data)
    .data                                    0x20000024   Section       12  myrtc.o(.data)
    .data                                    0x20000030   Section        4  serial.o(.data)
    .data                                    0x20000034   Section        8  nfc_usart.o(.data)
    .bss                                     0x2000003c   Section     1010  main.o(.bss)
    .bss                                     0x2000042e   Section     1024  oled.o(.bss)
    .bss                                     0x2000082e   Section       40  serial.o(.bss)
    .bss                                     0x20000858   Section       44  localtime.o(.bss)
    _tms                                     0x20000858   Data          44  localtime.o(.bss)
    .bss                                     0x20000884   Section       96  libspace.o(.bss)
    HEAP                                     0x200008e8   Section      512  startup_stm32f10x_md.o(HEAP)
    Heap_Mem                                 0x200008e8   Data         512  startup_stm32f10x_md.o(HEAP)
    STACK                                    0x20000ae8   Section     1024  startup_stm32f10x_md.o(STACK)
    Stack_Mem                                0x20000ae8   Data        1024  startup_stm32f10x_md.o(STACK)
    __initial_sp                             0x20000ee8   Data           0  startup_stm32f10x_md.o(STACK)

    Global Symbols

    Symbol Name                              Value     Ov Type        Size  Object(Section)

    BuildAttributes$$THM_ISAv4$P$D$K$B$S$PE$A:L22UL41UL21$X:L11$S22US41US21$IEEE1$IW$USESV6$~STKCKD$USESV7$~SHL$OTIME$ROPI$IEEEX$EBA8$UX$STANDARDLIB$REQ8$PRES8$EABIv2 0x00000000   Number         0  anon$$obj.o ABSOLUTE
    __ARM_use_no_argv                        0x00000000   Number         0  main.o ABSOLUTE
    _printf_flags                            0x00000000   Number         0  printf_stubs.o ABSOLUTE
    _printf_return_value                     0x00000000   Number         0  printf_stubs.o ABSOLUTE
    _printf_sizespec                         0x00000000   Number         0  printf_stubs.o ABSOLUTE
    _printf_widthprec                        0x00000000   Number         0  printf_stubs.o ABSOLUTE
    __ARM_exceptions_init                     - Undefined Weak Reference
    __alloca_initialize                       - Undefined Weak Reference
    __arm_preinit_                            - Undefined Weak Reference
    __cpp_initialize__aeabi_                  - Undefined Weak Reference
    __cxa_finalize                            - Undefined Weak Reference
    __sigvec_lookup                           - Undefined Weak Reference
    _atexit_init                              - Undefined Weak Reference
    _call_atexit_fns                          - Undefined Weak Reference
    _clock_init                               - Undefined Weak Reference
    _fp_trap_init                             - Undefined Weak Reference
    _fp_trap_shutdown                         - Undefined Weak Reference
    _get_lc_collate                           - Undefined Weak Reference
    _get_lc_monetary                          - Undefined Weak Reference
    _get_lc_time                              - Undefined Weak Reference
    _getenv_init                              - Undefined Weak Reference
    _handle_redirection                       - Undefined Weak Reference
    _init_alloc                               - Undefined Weak Reference
    _init_user_alloc                          - Undefined Weak Reference
    _initio                                   - Undefined Weak Reference
    _printf_mbtowc                            - Undefined Weak Reference
    _printf_wc                                - Undefined Weak Reference
    _rand_init                                - Undefined Weak Reference
    _signal_finish                            - Undefined Weak Reference
    _signal_init                              - Undefined Weak Reference
    _terminate_alloc                          - Undefined Weak Reference
    _terminate_user_alloc                     - Undefined Weak Reference
    _terminateio                              - Undefined Weak Reference
    __Vectors_Size                           0x000000ec   Number         0  startup_stm32f10x_md.o ABSOLUTE
    __Vectors                                0x08000000   Data           4  startup_stm32f10x_md.o(RESET)
    __Vectors_End                            0x080000ec   Data           0  startup_stm32f10x_md.o(RESET)
    __main                                   0x080000ed   Thumb Code     8  __main.o(!!!main)
    __scatterload                            0x080000f5   Thumb Code     0  __scatter.o(!!!scatter)
    __scatterload_rt2                        0x080000f5   Thumb Code    44  __scatter.o(!!!scatter)
    __scatterload_rt2_thumb_only             0x080000f5   Thumb Code     0  __scatter.o(!!!scatter)
    __scatterload_null                       0x08000103   Thumb Code     0  __scatter.o(!!!scatter)
    __scatterload_copy                       0x08000129   Thumb Code    26  __scatter_copy.o(!!handler_copy)
    __scatterload_zeroinit                   0x08000145   Thumb Code    28  __scatter_zi.o(!!handler_zi)
    _printf_n                                0x08000161   Thumb Code     0  _printf_n.o(.ARM.Collect$$_printf_percent$$00000001)
    _printf_percent                          0x08000161   Thumb Code     0  _printf_percent.o(.ARM.Collect$$_printf_percent$$00000000)
    _printf_p                                0x08000167   Thumb Code     0  _printf_p.o(.ARM.Collect$$_printf_percent$$00000002)
    _printf_f                                0x0800016d   Thumb Code     0  _printf_f.o(.ARM.Collect$$_printf_percent$$00000003)
    _printf_e                                0x08000173   Thumb Code     0  _printf_e.o(.ARM.Collect$$_printf_percent$$00000004)
    _printf_g                                0x08000179   Thumb Code     0  _printf_g.o(.ARM.Collect$$_printf_percent$$00000005)
    _printf_a                                0x0800017f   Thumb Code     0  _printf_a.o(.ARM.Collect$$_printf_percent$$00000006)
    _printf_ll                               0x08000185   Thumb Code     0  _printf_ll.o(.ARM.Collect$$_printf_percent$$00000007)
    _printf_i                                0x0800018f   Thumb Code     0  _printf_i.o(.ARM.Collect$$_printf_percent$$00000008)
    _printf_d                                0x08000195   Thumb Code     0  _printf_d.o(.ARM.Collect$$_printf_percent$$00000009)
    _printf_u                                0x0800019b   Thumb Code     0  _printf_u.o(.ARM.Collect$$_printf_percent$$0000000A)
    _printf_o                                0x080001a1   Thumb Code     0  _printf_o.o(.ARM.Collect$$_printf_percent$$0000000B)
    _printf_x                                0x080001a7   Thumb Code     0  _printf_x.o(.ARM.Collect$$_printf_percent$$0000000C)
    _printf_lli                              0x080001ad   Thumb Code     0  _printf_lli.o(.ARM.Collect$$_printf_percent$$0000000D)
    _printf_lld                              0x080001b3   Thumb Code     0  _printf_lld.o(.ARM.Collect$$_printf_percent$$0000000E)
    _printf_llu                              0x080001b9   Thumb Code     0  _printf_llu.o(.ARM.Collect$$_printf_percent$$0000000F)
    _printf_llo                              0x080001bf   Thumb Code     0  _printf_llo.o(.ARM.Collect$$_printf_percent$$00000010)
    _printf_llx                              0x080001c5   Thumb Code     0  _printf_llx.o(.ARM.Collect$$_printf_percent$$00000011)
    _printf_l                                0x080001cb   Thumb Code     0  _printf_l.o(.ARM.Collect$$_printf_percent$$00000012)
    _printf_c                                0x080001d5   Thumb Code     0  _printf_c.o(.ARM.Collect$$_printf_percent$$00000013)
    _printf_s                                0x080001db   Thumb Code     0  _printf_s.o(.ARM.Collect$$_printf_percent$$00000014)
    _printf_lc                               0x080001e1   Thumb Code     0  _printf_lc.o(.ARM.Collect$$_printf_percent$$00000015)
    _printf_ls                               0x080001e7   Thumb Code     0  _printf_ls.o(.ARM.Collect$$_printf_percent$$00000016)
    _printf_percent_end                      0x080001ed   Thumb Code     0  _printf_percent_end.o(.ARM.Collect$$_printf_percent$$00000017)
    __rt_lib_init                            0x080001f1   Thumb Code     0  libinit.o(.ARM.Collect$$libinit$$00000000)
    __rt_lib_init_fp_1                       0x080001f3   Thumb Code     0  libinit2.o(.ARM.Collect$$libinit$$00000002)
    __rt_lib_init_heap_1                     0x080001f3   Thumb Code     0  libinit2.o(.ARM.Collect$$libinit$$0000000A)
    __rt_lib_init_lc_common                  0x080001f3   Thumb Code     0  libinit2.o(.ARM.Collect$$libinit$$0000000F)
    __rt_lib_init_preinit_1                  0x080001f3   Thumb Code     0  libinit2.o(.ARM.Collect$$libinit$$00000004)
    __rt_lib_init_rand_1                     0x080001f3   Thumb Code     0  libinit2.o(.ARM.Collect$$libinit$$0000000E)
    __rt_lib_init_user_alloc_1               0x080001f3   Thumb Code     0  libinit2.o(.ARM.Collect$$libinit$$0000000C)
    __rt_lib_init_lc_collate_1               0x080001f9   Thumb Code     0  libinit2.o(.ARM.Collect$$libinit$$00000011)
    __rt_lib_init_lc_ctype_2                 0x080001f9   Thumb Code     0  libinit2.o(.ARM.Collect$$libinit$$00000012)
    __rt_lib_init_lc_ctype_1                 0x08000205   Thumb Code     0  libinit2.o(.ARM.Collect$$libinit$$00000013)
    __rt_lib_init_lc_monetary_1              0x08000205   Thumb Code     0  libinit2.o(.ARM.Collect$$libinit$$00000015)
    __rt_lib_init_lc_numeric_2               0x08000205   Thumb Code     0  libinit2.o(.ARM.Collect$$libinit$$00000016)
    __rt_lib_init_alloca_1                   0x0800020f   Thumb Code     0  libinit2.o(.ARM.Collect$$libinit$$0000002E)
    __rt_lib_init_argv_1                     0x0800020f   Thumb Code     0  libinit2.o(.ARM.Collect$$libinit$$0000002C)
    __rt_lib_init_atexit_1                   0x0800020f   Thumb Code     0  libinit2.o(.ARM.Collect$$libinit$$0000001B)
    __rt_lib_init_clock_1                    0x0800020f   Thumb Code     0  libinit2.o(.ARM.Collect$$libinit$$00000021)
    __rt_lib_init_cpp_1                      0x0800020f   Thumb Code     0  libinit2.o(.ARM.Collect$$libinit$$00000032)
    __rt_lib_init_exceptions_1               0x0800020f   Thumb Code     0  libinit2.o(.ARM.Collect$$libinit$$00000030)
    __rt_lib_init_fp_trap_1                  0x0800020f   Thumb Code     0  libinit2.o(.ARM.Collect$$libinit$$0000001F)
    __rt_lib_init_getenv_1                   0x0800020f   Thumb Code     0  libinit2.o(.ARM.Collect$$libinit$$00000023)
    __rt_lib_init_lc_numeric_1               0x0800020f   Thumb Code     0  libinit2.o(.ARM.Collect$$libinit$$00000017)
    __rt_lib_init_lc_time_1                  0x0800020f   Thumb Code     0  libinit2.o(.ARM.Collect$$libinit$$00000019)
    __rt_lib_init_return                     0x0800020f   Thumb Code     0  libinit2.o(.ARM.Collect$$libinit$$00000033)
    __rt_lib_init_signal_1                   0x0800020f   Thumb Code     0  libinit2.o(.ARM.Collect$$libinit$$0000001D)
    __rt_lib_init_stdio_1                    0x0800020f   Thumb Code     0  libinit2.o(.ARM.Collect$$libinit$$00000025)
    __rt_lib_shutdown                        0x08000211   Thumb Code     0  libshutdown.o(.ARM.Collect$$libshutdown$$00000000)
    __rt_lib_shutdown_cpp_1                  0x08000213   Thumb Code     0  libshutdown2.o(.ARM.Collect$$libshutdown$$00000002)
    __rt_lib_shutdown_fp_trap_1              0x08000213   Thumb Code     0  libshutdown2.o(.ARM.Collect$$libshutdown$$00000007)
    __rt_lib_shutdown_heap_1                 0x08000213   Thumb Code     0  libshutdown2.o(.ARM.Collect$$libshutdown$$0000000F)
    __rt_lib_shutdown_return                 0x08000213   Thumb Code     0  libshutdown2.o(.ARM.Collect$$libshutdown$$00000010)
    __rt_lib_shutdown_signal_1               0x08000213   Thumb Code     0  libshutdown2.o(.ARM.Collect$$libshutdown$$0000000A)
    __rt_lib_shutdown_stdio_1                0x08000213   Thumb Code     0  libshutdown2.o(.ARM.Collect$$libshutdown$$00000004)
    __rt_lib_shutdown_user_alloc_1           0x08000213   Thumb Code     0  libshutdown2.o(.ARM.Collect$$libshutdown$$0000000C)
    __rt_entry                               0x08000215   Thumb Code     0  __rtentry.o(.ARM.Collect$$rtentry$$00000000)
    __rt_entry_presh_1                       0x08000215   Thumb Code     0  __rtentry2.o(.ARM.Collect$$rtentry$$00000002)
    __rt_entry_sh                            0x08000215   Thumb Code     0  __rtentry4.o(.ARM.Collect$$rtentry$$00000004)
    __rt_entry_li                            0x0800021b   Thumb Code     0  __rtentry2.o(.ARM.Collect$$rtentry$$0000000A)
    __rt_entry_postsh_1                      0x0800021b   Thumb Code     0  __rtentry2.o(.ARM.Collect$$rtentry$$00000009)
    __rt_entry_main                          0x0800021f   Thumb Code     0  __rtentry2.o(.ARM.Collect$$rtentry$$0000000D)
    __rt_entry_postli_1                      0x0800021f   Thumb Code     0  __rtentry2.o(.ARM.Collect$$rtentry$$0000000C)
    __rt_exit                                0x08000227   Thumb Code     0  rtexit.o(.ARM.Collect$$rtexit$$00000000)
    __rt_exit_ls                             0x08000229   Thumb Code     0  rtexit2.o(.ARM.Collect$$rtexit$$00000003)
    __rt_exit_prels_1                        0x08000229   Thumb Code     0  rtexit2.o(.ARM.Collect$$rtexit$$00000002)
    __rt_exit_exit                           0x0800022d   Thumb Code     0  rtexit2.o(.ARM.Collect$$rtexit$$00000004)
    Reset_Handler                            0x08000235   Thumb Code     8  startup_stm32f10x_md.o(.text)
    ADC1_2_IRQHandler                        0x0800024f   Thumb Code     0  startup_stm32f10x_md.o(.text)
    CAN1_RX1_IRQHandler                      0x0800024f   Thumb Code     0  startup_stm32f10x_md.o(.text)
    CAN1_SCE_IRQHandler                      0x0800024f   Thumb Code     0  startup_stm32f10x_md.o(.text)
    DMA1_Channel1_IRQHandler                 0x0800024f   Thumb Code     0  startup_stm32f10x_md.o(.text)
    DMA1_Channel2_IRQHandler                 0x0800024f   Thumb Code     0  startup_stm32f10x_md.o(.text)
    DMA1_Channel3_IRQHandler                 0x0800024f   Thumb Code     0  startup_stm32f10x_md.o(.text)
    DMA1_Channel4_IRQHandler                 0x0800024f   Thumb Code     0  startup_stm32f10x_md.o(.text)
    DMA1_Channel5_IRQHandler                 0x0800024f   Thumb Code     0  startup_stm32f10x_md.o(.text)
    DMA1_Channel6_IRQHandler                 0x0800024f   Thumb Code     0  startup_stm32f10x_md.o(.text)
    DMA1_Channel7_IRQHandler                 0x0800024f   Thumb Code     0  startup_stm32f10x_md.o(.text)
    EXTI0_IRQHandler                         0x0800024f   Thumb Code     0  startup_stm32f10x_md.o(.text)
    EXTI15_10_IRQHandler                     0x0800024f   Thumb Code     0  startup_stm32f10x_md.o(.text)
    EXTI1_IRQHandler                         0x0800024f   Thumb Code     0  startup_stm32f10x_md.o(.text)
    EXTI2_IRQHandler                         0x0800024f   Thumb Code     0  startup_stm32f10x_md.o(.text)
    EXTI3_IRQHandler                         0x0800024f   Thumb Code     0  startup_stm32f10x_md.o(.text)
    EXTI4_IRQHandler                         0x0800024f   Thumb Code     0  startup_stm32f10x_md.o(.text)
    EXTI9_5_IRQHandler                       0x0800024f   Thumb Code     0  startup_stm32f10x_md.o(.text)
    FLASH_IRQHandler                         0x0800024f   Thumb Code     0  startup_stm32f10x_md.o(.text)
    I2C1_ER_IRQHandler                       0x0800024f   Thumb Code     0  startup_stm32f10x_md.o(.text)
    I2C1_EV_IRQHandler                       0x0800024f   Thumb Code     0  startup_stm32f10x_md.o(.text)
    I2C2_ER_IRQHandler                       0x0800024f   Thumb Code     0  startup_stm32f10x_md.o(.text)
    I2C2_EV_IRQHandler                       0x0800024f   Thumb Code     0  startup_stm32f10x_md.o(.text)
    PVD_IRQHandler                           0x0800024f   Thumb Code     0  startup_stm32f10x_md.o(.text)
    RCC_IRQHandler                           0x0800024f   Thumb Code     0  startup_stm32f10x_md.o(.text)
    RTCAlarm_IRQHandler                      0x0800024f   Thumb Code     0  startup_stm32f10x_md.o(.text)
    RTC_IRQHandler                           0x0800024f   Thumb Code     0  startup_stm32f10x_md.o(.text)
    SPI1_IRQHandler                          0x0800024f   Thumb Code     0  startup_stm32f10x_md.o(.text)
    SPI2_IRQHandler                          0x0800024f   Thumb Code     0  startup_stm32f10x_md.o(.text)
    TAMPER_IRQHandler                        0x0800024f   Thumb Code     0  startup_stm32f10x_md.o(.text)
    TIM1_BRK_IRQHandler                      0x0800024f   Thumb Code     0  startup_stm32f10x_md.o(.text)
    TIM1_CC_IRQHandler                       0x0800024f   Thumb Code     0  startup_stm32f10x_md.o(.text)
    TIM1_TRG_COM_IRQHandler                  0x0800024f   Thumb Code     0  startup_stm32f10x_md.o(.text)
    TIM1_UP_IRQHandler                       0x0800024f   Thumb Code     0  startup_stm32f10x_md.o(.text)
    TIM2_IRQHandler                          0x0800024f   Thumb Code     0  startup_stm32f10x_md.o(.text)
    TIM3_IRQHandler                          0x0800024f   Thumb Code     0  startup_stm32f10x_md.o(.text)
    TIM4_IRQHandler                          0x0800024f   Thumb Code     0  startup_stm32f10x_md.o(.text)
    USART1_IRQHandler                        0x0800024f   Thumb Code     0  startup_stm32f10x_md.o(.text)
    USART2_IRQHandler                        0x0800024f   Thumb Code     0  startup_stm32f10x_md.o(.text)
    USBWakeUp_IRQHandler                     0x0800024f   Thumb Code     0  startup_stm32f10x_md.o(.text)
    USB_HP_CAN1_TX_IRQHandler                0x0800024f   Thumb Code     0  startup_stm32f10x_md.o(.text)
    USB_LP_CAN1_RX0_IRQHandler               0x0800024f   Thumb Code     0  startup_stm32f10x_md.o(.text)
    WWDG_IRQHandler                          0x0800024f   Thumb Code     0  startup_stm32f10x_md.o(.text)
    __user_initial_stackheap                 0x08000251   Thumb Code     0  startup_stm32f10x_md.o(.text)
    vsprintf                                 0x08000275   Thumb Code    32  vsprintf.o(.text)
    strcpy                                   0x08000299   Thumb Code    72  strcpy.o(.text)
    __aeabi_memcpy4                          0x080002e1   Thumb Code     0  rt_memcpy_w.o(.text)
    __aeabi_memcpy8                          0x080002e1   Thumb Code     0  rt_memcpy_w.o(.text)
    __rt_memcpy_w                            0x080002e1   Thumb Code   100  rt_memcpy_w.o(.text)
    _memcpy_lastbytes_aligned                0x08000329   Thumb Code     0  rt_memcpy_w.o(.text)
    strcmp                                   0x08000345   Thumb Code   128  strcmpv7m.o(.text)
    localtime                                0x080003c5   Thumb Code     6  localtime.o(.text)
    mktime                                   0x0800040f   Thumb Code   356  mktime.o(.text)
    __use_two_region_memory                  0x0800057d   Thumb Code     2  heapauxi.o(.text)
    __rt_heap_escrow$2region                 0x0800057f   Thumb Code     2  heapauxi.o(.text)
    __rt_heap_expand$2region                 0x08000581   Thumb Code     2  heapauxi.o(.text)
    _printf_pre_padding                      0x08000583   Thumb Code    44  _printf_pad.o(.text)
    _printf_post_padding                     0x080005af   Thumb Code    34  _printf_pad.o(.text)
    _printf_truncate_signed                  0x080005d1   Thumb Code    18  _printf_truncate.o(.text)
    _printf_truncate_unsigned                0x080005e3   Thumb Code    18  _printf_truncate.o(.text)
    _printf_str                              0x080005f5   Thumb Code    82  _printf_str.o(.text)
    _printf_int_dec                          0x08000649   Thumb Code   104  _printf_dec.o(.text)
    _printf_charcount                        0x080006c1   Thumb Code    40  _printf_charcount.o(.text)
    _printf_char_common                      0x080006f3   Thumb Code    32  _printf_char_common.o(.text)
    _sputc                                   0x08000719   Thumb Code    10  _sputc.o(.text)
    _printf_wctomb                           0x08000725   Thumb Code   182  _printf_wctomb.o(.text)
    _printf_longlong_dec                     0x080007e1   Thumb Code   108  _printf_longlong_dec.o(.text)
    _printf_longlong_oct                     0x0800085d   Thumb Code    66  _printf_oct_int_ll.o(.text)
    _printf_int_oct                          0x0800089f   Thumb Code    24  _printf_oct_int_ll.o(.text)
    _printf_ll_oct                           0x080008b7   Thumb Code    12  _printf_oct_int_ll.o(.text)
    _printf_longlong_hex                     0x080008cd   Thumb Code    86  _printf_hex_int_ll_ptr.o(.text)
    _printf_int_hex                          0x08000923   Thumb Code    28  _printf_hex_int_ll_ptr.o(.text)
    _printf_ll_hex                           0x0800093f   Thumb Code    12  _printf_hex_int_ll_ptr.o(.text)
    _printf_hex_ptr                          0x0800094b   Thumb Code    18  _printf_hex_int_ll_ptr.o(.text)
    __printf                                 0x08000961   Thumb Code   388  __printf_flags_ss_wp.o(.text)
    _localtime_r                             0x08000ae9   Thumb Code   178  localtime_internal.o(.text)
    _n$localtime_r                           0x08000ae9   Thumb Code     0  localtime_internal.o(.text)
    _ll_udiv10                               0x08000ba1   Thumb Code   138  lludiv10.o(.text)
    _printf_int_common                       0x08000c2b   Thumb Code   178  _printf_intcommon.o(.text)
    __lib_sel_fp_printf                      0x08000cdd   Thumb Code     2  _printf_fp_dec.o(.text)
    _printf_fp_dec_real                      0x08000e8f   Thumb Code   620  _printf_fp_dec.o(.text)
    _printf_fp_hex_real                      0x080010fd   Thumb Code   756  _printf_fp_hex.o(.text)
    _printf_cs_common                        0x080013f9   Thumb Code    20  _printf_char.o(.text)
    _printf_char                             0x0800140d   Thumb Code    16  _printf_char.o(.text)
    _printf_string                           0x0800141d   Thumb Code     8  _printf_char.o(.text)
    _printf_lcs_common                       0x08001425   Thumb Code    20  _printf_wchar.o(.text)
    _printf_wchar                            0x08001439   Thumb Code    16  _printf_wchar.o(.text)
    _printf_wstring                          0x08001449   Thumb Code     8  _printf_wchar.o(.text)
    _wcrtomb                                 0x08001451   Thumb Code    64  _wcrtomb.o(.text)
    __aeabi_memclr4                          0x08001491   Thumb Code     0  rt_memclr_w.o(.text)
    __aeabi_memclr8                          0x08001491   Thumb Code     0  rt_memclr_w.o(.text)
    __rt_memclr_w                            0x08001491   Thumb Code    78  rt_memclr_w.o(.text)
    _memset_w                                0x08001495   Thumb Code     0  rt_memclr_w.o(.text)
    __user_libspace                          0x080014e1   Thumb Code     8  libspace.o(.text)
    __user_perproc_libspace                  0x080014e1   Thumb Code     0  libspace.o(.text)
    __user_perthread_libspace                0x080014e1   Thumb Code     0  libspace.o(.text)
    __user_setup_stackheap                   0x080014e9   Thumb Code    74  sys_stackheap_outer.o(.text)
    __rt_ctype_table                         0x08001535   Thumb Code    16  rt_ctype_table.o(.text)
    __rt_locale                              0x08001545   Thumb Code     8  rt_locale_intlibspace.o(.text)
    _printf_fp_infnan                        0x0800154d   Thumb Code   112  _printf_fp_infnan.o(.text)
    _btod_etento                             0x080015cd   Thumb Code   224  bigflt0.o(.text)
    exit                                     0x080016b1   Thumb Code    18  exit.o(.text)
    _sys_exit                                0x080016c5   Thumb Code     8  sys_exit.o(.text)
    __I$use$semihosting                      0x080016d1   Thumb Code     0  use_no_semi.o(.text)
    __use_no_semihosting_swi                 0x080016d1   Thumb Code     2  use_no_semi.o(.text)
    __semihosting_library_function           0x080016d3   Thumb Code     0  indicate_semi.o(.text)
    _btod_d2e                                0x080016d3   Thumb Code    62  btod.o(CL$$btod_d2e)
    _d2e_denorm_low                          0x08001711   Thumb Code    70  btod.o(CL$$btod_d2e_denorm_low)
    _d2e_norm_op1                            0x08001757   Thumb Code    96  btod.o(CL$$btod_d2e_norm_op1)
    __btod_div_common                        0x080017b7   Thumb Code   696  btod.o(CL$$btod_div_common)
    _e2e                                     0x08001aef   Thumb Code   220  btod.o(CL$$btod_e2e)
    _btod_ediv                               0x08001bcb   Thumb Code    42  btod.o(CL$$btod_ediv)
    _btod_emul                               0x08001bf5   Thumb Code    42  btod.o(CL$$btod_emul)
    __btod_mult_common                       0x08001c1f   Thumb Code   580  btod.o(CL$$btod_mult_common)
    BKP_ReadBackupRegister                   0x08001e65   Thumb Code    24  stm32f10x_bkp.o(i.BKP_ReadBackupRegister)
    BKP_WriteBackupRegister                  0x08001e81   Thumb Code    22  stm32f10x_bkp.o(i.BKP_WriteBackupRegister)
    BusFault_Handler                         0x08001e9d   Thumb Code     4  stm32f10x_it.o(i.BusFault_Handler)
    Button_any_close                         0x08001ea1   Thumb Code    64  gpio_init.o(i.Button_any_close)
    DebugMon_Handler                         0x08001ee5   Thumb Code     2  stm32f10x_it.o(i.DebugMon_Handler)
    Delay_ms                                 0x08001ee7   Thumb Code    24  delay.o(i.Delay_ms)
    Delay_us                                 0x08001eff   Thumb Code    46  delay.o(i.Delay_us)
    GPIOA_init                               0x08001f2d   Thumb Code    38  gpio_init.o(i.GPIOA_init)
    GPIO_Init                                0x08001f59   Thumb Code   278  stm32f10x_gpio.o(i.GPIO_Init)
    GPIO_ReadInputDataBit                    0x0800206f   Thumb Code    18  stm32f10x_gpio.o(i.GPIO_ReadInputDataBit)
    GPIO_WriteBit                            0x08002081   Thumb Code    10  stm32f10x_gpio.o(i.GPIO_WriteBit)
    HardFault_Handler                        0x0800208b   Thumb Code     4  stm32f10x_it.o(i.HardFault_Handler)
    Indicator_light_init                     0x08002091   Thumb Code    38  gpio_init.o(i.Indicator_light_init)
    Key_check                                0x080020bd   Thumb Code    50  key.o(i.Key_check)
    Key_init                                 0x080020ef   Thumb Code    12  key.o(i.Key_init)
    MemManage_Handler                        0x080020fb   Thumb Code     4  stm32f10x_it.o(i.MemManage_Handler)
    MyRTC_gettime                            0x08002101   Thumb Code    68  myrtc.o(i.MyRTC_gettime)
    MyRTC_init                               0x08002149   Thumb Code   114  myrtc.o(i.MyRTC_init)
    MyRTC_settime                            0x080021bd   Thumb Code    70  myrtc.o(i.MyRTC_settime)
    NFC_Clear_status                         0x08002209   Thumb Code    40  nfc_usart.o(i.NFC_Clear_status)
    NFC_GET_UID                              0x0800223d   Thumb Code    26  nfc_usart.o(i.NFC_GET_UID)
    NFC_ReadIDCard                           0x08002261   Thumb Code    26  nfc_usart.o(i.NFC_ReadIDCard)
    NFC_Send_SAM_command                     0x08002289   Thumb Code    32  nfc_usart.o(i.NFC_Send_SAM_command)
    NFC_USART_init                           0x080022c1   Thumb Code    98  nfc_usart.o(i.NFC_USART_init)
    NMI_Handler                              0x0800234d   Thumb Code     2  stm32f10x_it.o(i.NMI_Handler)
    NVIC_Init                                0x08002351   Thumb Code   100  misc.o(i.NVIC_Init)
    NVIC_PriorityGroupConfig                 0x080023c1   Thumb Code    10  misc.o(i.NVIC_PriorityGroupConfig)
    OLED_Clear                               0x080023d5   Thumb Code    36  oled.o(i.OLED_Clear)
    OLED_ClearArea                           0x080023fd   Thumb Code   140  oled.o(i.OLED_ClearArea)
    OLED_DrawPoint                           0x0800248d   Thumb Code    76  oled.o(i.OLED_DrawPoint)
    OLED_DrawRectangle                       0x080024dd   Thumb Code   142  oled.o(i.OLED_DrawRectangle)
    OLED_GPIO_Init                           0x0800256d   Thumb Code   166  oled.o(i.OLED_GPIO_Init)
    OLED_Init                                0x0800261d   Thumb Code   154  oled.o(i.OLED_Init)
    OLED_Printf                              0x080026b7   Thumb Code    50  oled.o(i.OLED_Printf)
    OLED_ReverseArea                         0x080026e9   Thumb Code   140  oled.o(i.OLED_ReverseArea)
    OLED_SPI_SendByte                        0x08002779   Thumb Code    50  oled.o(i.OLED_SPI_SendByte)
    OLED_SetCursor                           0x080027ab   Thumb Code    34  oled.o(i.OLED_SetCursor)
    OLED_ShowChar                            0x080027cd   Thumb Code    74  oled.o(i.OLED_ShowChar)
    OLED_ShowImage                           0x08002821   Thumb Code   248  oled.o(i.OLED_ShowImage)
    OLED_ShowString                          0x0800291d   Thumb Code   442  oled.o(i.OLED_ShowString)
    OLED_Update                              0x08002ae1   Thumb Code    36  oled.o(i.OLED_Update)
    OLED_W_CS                                0x08002b09   Thumb Code    18  oled.o(i.OLED_W_CS)
    OLED_W_D0                                0x08002b21   Thumb Code    18  oled.o(i.OLED_W_D0)
    OLED_W_D1                                0x08002b39   Thumb Code    18  oled.o(i.OLED_W_D1)
    OLED_W_DC                                0x08002b51   Thumb Code    18  oled.o(i.OLED_W_DC)
    OLED_W_RES                               0x08002b69   Thumb Code    18  oled.o(i.OLED_W_RES)
    OLED_WriteCommand                        0x08002b81   Thumb Code    30  oled.o(i.OLED_WriteCommand)
    OLED_WriteData                           0x08002b9f   Thumb Code    44  oled.o(i.OLED_WriteData)
    PWR_BackupAccessCmd                      0x08002bcd   Thumb Code     6  stm32f10x_pwr.o(i.PWR_BackupAccessCmd)
    PendSV_Handler                           0x08002bd9   Thumb Code     2  stm32f10x_it.o(i.PendSV_Handler)
    RCC_APB1PeriphClockCmd                   0x08002bdd   Thumb Code    26  stm32f10x_rcc.o(i.RCC_APB1PeriphClockCmd)
    RCC_APB2PeriphClockCmd                   0x08002bfd   Thumb Code    26  stm32f10x_rcc.o(i.RCC_APB2PeriphClockCmd)
    RCC_GetClocksFreq                        0x08002c1d   Thumb Code   192  stm32f10x_rcc.o(i.RCC_GetClocksFreq)
    RCC_GetFlagStatus                        0x08002cf1   Thumb Code    56  stm32f10x_rcc.o(i.RCC_GetFlagStatus)
    RCC_LSEConfig                            0x08002d2d   Thumb Code    46  stm32f10x_rcc.o(i.RCC_LSEConfig)
    RCC_RTCCLKCmd                            0x08002d61   Thumb Code     6  stm32f10x_rcc.o(i.RCC_RTCCLKCmd)
    RCC_RTCCLKConfig                         0x08002d6d   Thumb Code    12  stm32f10x_rcc.o(i.RCC_RTCCLKConfig)
    RTC_EnterConfigMode                      0x08002d7d   Thumb Code    14  stm32f10x_rtc.o(i.RTC_EnterConfigMode)
    RTC_ExitConfigMode                       0x08002d91   Thumb Code    16  stm32f10x_rtc.o(i.RTC_ExitConfigMode)
    RTC_GetCounter                           0x08002da5   Thumb Code    16  stm32f10x_rtc.o(i.RTC_GetCounter)
    RTC_SetCounter                           0x08002db9   Thumb Code    24  stm32f10x_rtc.o(i.RTC_SetCounter)
    RTC_SetPrescaler                         0x08002dd5   Thumb Code    26  stm32f10x_rtc.o(i.RTC_SetPrescaler)
    RTC_WaitForLastTask                      0x08002df5   Thumb Code    16  stm32f10x_rtc.o(i.RTC_WaitForLastTask)
    RTC_WaitForSynchro                       0x08002e09   Thumb Code    30  stm32f10x_rtc.o(i.RTC_WaitForSynchro)
    SVC_Handler                              0x08002e2d   Thumb Code     2  stm32f10x_it.o(i.SVC_Handler)
    Serial_SendArray                         0x08002e2f   Thumb Code    24  serial.o(i.Serial_SendArray)
    Serial_SendByte                          0x08002e49   Thumb Code    28  serial.o(i.Serial_SendByte)
    Serial_init                              0x08002e69   Thumb Code   182  serial.o(i.Serial_init)
    SysTick_Handler                          0x08003011   Thumb Code     2  stm32f10x_it.o(i.SysTick_Handler)
    SystemInit                               0x08003015   Thumb Code    78  system_stm32f10x.o(i.SystemInit)
    Tran_Hex2Str                             0x08003075   Thumb Code   100  main.o(i.Tran_Hex2Str)
    USART3_IRQHandler                        0x080030d9   Thumb Code    52  serial.o(i.USART3_IRQHandler)
    USART_ClearITPendingBit                  0x08003119   Thumb Code    30  stm32f10x_usart.o(i.USART_ClearITPendingBit)
    USART_Cmd                                0x08003137   Thumb Code    24  stm32f10x_usart.o(i.USART_Cmd)
    USART_GetFlagStatus                      0x0800314f   Thumb Code    26  stm32f10x_usart.o(i.USART_GetFlagStatus)
    USART_GetITStatus                        0x08003169   Thumb Code    84  stm32f10x_usart.o(i.USART_GetITStatus)
    USART_ITConfig                           0x080031bd   Thumb Code    74  stm32f10x_usart.o(i.USART_ITConfig)
    USART_Init                               0x08003209   Thumb Code   210  stm32f10x_usart.o(i.USART_Init)
    USART_ReceiveData                        0x080032e1   Thumb Code    10  stm32f10x_usart.o(i.USART_ReceiveData)
    USART_SendData                           0x080032eb   Thumb Code     8  stm32f10x_usart.o(i.USART_SendData)
    UsageFault_Handler                       0x080032f3   Thumb Code     4  stm32f10x_it.o(i.UsageFault_Handler)
    __ARM_fpclassify                         0x080032f7   Thumb Code    40  fpclassify.o(i.__ARM_fpclassify)
    _is_digit                                0x0800331f   Thumb Code    14  __printf_wp.o(i._is_digit)
    activate_page                            0x0800332d   Thumb Code   122  main.o(i.activate_page)
    data_init                                0x080033ed   Thumb Code   122  main.o(i.data_init)
    game_page                                0x080034b1   Thumb Code    42  main.o(i.game_page)
    home_page                                0x080034fd   Thumb Code   190  main.o(i.home_page)
    main                                     0x08003601   Thumb Code    92  main.o(i.main)
    menu_page                                0x08003661   Thumb Code   272  main.o(i.menu_page)
    read_page                                0x08003791   Thumb Code   440  main.o(i.read_page)
    reverse_menu                             0x08003975   Thumb Code   208  main.o(i.reverse_menu)
    write_page                               0x08003a69   Thumb Code    62  main.o(i.write_page)
    write_page_nread_card                    0x08003abd   Thumb Code   130  main.o(i.write_page_nread_card)
    write_page_read_card                     0x08003b7d   Thumb Code   472  main.o(i.write_page_read_card)
    _get_lc_numeric                          0x08003db5   Thumb Code    44  lc_numeric_c.o(locale$$code)
    _get_lc_ctype                            0x08003de1   Thumb Code    44  lc_ctype_c.o(locale$$code)
    __aeabi_ddiv                             0x08003e0d   Thumb Code     0  ddiv.o(x$fpl$ddiv)
    _ddiv                                    0x08003e0d   Thumb Code   552  ddiv.o(x$fpl$ddiv)
    __aeabi_d2iz                             0x080040bd   Thumb Code     0  dfix.o(x$fpl$dfix)
    _dfix                                    0x080040bd   Thumb Code    94  dfix.o(x$fpl$dfix)
    __aeabi_i2d                              0x0800411b   Thumb Code     0  dflt_clz.o(x$fpl$dflt)
    _dflt                                    0x0800411b   Thumb Code    46  dflt_clz.o(x$fpl$dflt)
    __aeabi_ui2d                             0x08004149   Thumb Code     0  dflt_clz.o(x$fpl$dfltu)
    _dfltu                                   0x08004149   Thumb Code    38  dflt_clz.o(x$fpl$dfltu)
    __aeabi_dmul                             0x08004171   Thumb Code     0  dmul.o(x$fpl$dmul)
    _dmul                                    0x08004171   Thumb Code   332  dmul.o(x$fpl$dmul)
    __fpl_dnaninf                            0x080042c5   Thumb Code   156  dnaninf.o(x$fpl$dnaninf)
    __fpl_dretinf                            0x08004361   Thumb Code    12  dretinf.o(x$fpl$dretinf)
    _printf_fp_dec                           0x0800436d   Thumb Code     4  printf1.o(x$fpl$printf1)
    _printf_fp_hex                           0x08004371   Thumb Code     4  printf2.o(x$fpl$printf2)
    OLED_F8x16                               0x08004374   Data        1520  oled_data.o(.constdata)
    __I$use$fp                               0x08004374   Number         0  usenofp.o(x$fpl$usenofp)
    OLED_F6x8                                0x08004964   Data         570  oled_data.o(.constdata)
    OLED_CF16x16                             0x08004b9e   Data         259  oled_data.o(.constdata)
    Diode                                    0x08004ca1   Data          32  oled_data.o(.constdata)
    Clock                                    0x08004cc1   Data         120  oled_data.o(.constdata)
    _monlen                                  0x08004d7d   Data          12  _monlen.o(.constdata)
    Region$$Table$$Base                      0x08004e44   Number         0  anon$$obj.o(Region$$Table)
    Region$$Table$$Limit                     0x08004e64   Number         0  anon$$obj.o(Region$$Table)
    __ctype                                  0x08004e8d   Data           0  lc_ctype_c.o(locale$$data)
    status                                   0x20000014   Data           2  main.o(.data)
    menu_choice                              0x20000016   Data           2  main.o(.data)
    read_cursor                              0x20000018   Data           1  main.o(.data)
    read_reverse                             0x20000019   Data           1  main.o(.data)
    write_reverse                            0x2000001a   Data           1  main.o(.data)
    game_reverse                             0x2000001b   Data           1  main.o(.data)
    NFC_waitting_reading                     0x2000001c   Data           1  main.o(.data)
    name_array_len                           0x2000001e   Data           2  main.o(.data)
    input_cursor                             0x20000020   Data           1  main.o(.data)
    read_NFC                                 0x20000021   Data           1  main.o(.data)
    input_char                               0x20000022   Data           1  main.o(.data)
    MyRTC_time                               0x20000024   Data          12  myrtc.o(.data)
    RxLen                                    0x20000030   Data           1  serial.o(.data)
    Serial_RxFlag                            0x20000031   Data           1  serial.o(.data)
    pRxPacket                                0x20000032   Data           2  serial.o(.data)
    NFC_Status                               0x20000034   Data           1  nfc_usart.o(.data)
    Card_UID                                 0x20000035   Data           7  nfc_usart.o(.data)
    name_struct                              0x2000003c   Data        1000  main.o(.bss)
    input_name_array                         0x20000424   Data          10  main.o(.bss)
    OLED_DisplayBuf                          0x2000042e   Data        1024  oled.o(.bss)
    Serial_RxPacket                          0x2000082e   Data          40  serial.o(.bss)
    __libspace_start                         0x20000884   Data          96  libspace.o(.bss)
    __temporary_stack_top$libspace           0x200008e4   Data           0  libspace.o(.bss)



==============================================================================

Memory Map of the image

  Image Entry point : 0x080000ed

  Load Region LR_IROM1 (Base: 0x08000000, Size: 0x00004fcc, Max: 0x00010000, ABSOLUTE)

    Execution Region ER_IROM1 (Exec base: 0x08000000, Load base: 0x08000000, Size: 0x00004f90, Max: 0x00010000, ABSOLUTE)

    Exec Addr    Load Addr    Size         Type   Attr      Idx    E Section Name        Object

    0x08000000   0x08000000   0x000000ec   Data   RO           19    RESET               startup_stm32f10x_md.o
    0x080000ec   0x080000ec   0x00000008   Code   RO         3911  * !!!main             c_w.l(__main.o)
    0x080000f4   0x080000f4   0x00000034   Code   RO         4367    !!!scatter          c_w.l(__scatter.o)
    0x08000128   0x08000128   0x0000001a   Code   RO         4369    !!handler_copy      c_w.l(__scatter_copy.o)
    0x08000142   0x08000142   0x00000002   PAD
    0x08000144   0x08000144   0x0000001c   Code   RO         4371    !!handler_zi        c_w.l(__scatter_zi.o)
    0x08000160   0x08000160   0x00000000   Code   RO         4063    .ARM.Collect$$_printf_percent$$00000000  c_w.l(_printf_percent.o)
    0x08000160   0x08000160   0x00000006   Code   RO         4052    .ARM.Collect$$_printf_percent$$00000001  c_w.l(_printf_n.o)
    0x08000166   0x08000166   0x00000006   Code   RO         4054    .ARM.Collect$$_printf_percent$$00000002  c_w.l(_printf_p.o)
    0x0800016c   0x0800016c   0x00000006   Code   RO         4059    .ARM.Collect$$_printf_percent$$00000003  c_w.l(_printf_f.o)
    0x08000172   0x08000172   0x00000006   Code   RO         4060    .ARM.Collect$$_printf_percent$$00000004  c_w.l(_printf_e.o)
    0x08000178   0x08000178   0x00000006   Code   RO         4061    .ARM.Collect$$_printf_percent$$00000005  c_w.l(_printf_g.o)
    0x0800017e   0x0800017e   0x00000006   Code   RO         4062    .ARM.Collect$$_printf_percent$$00000006  c_w.l(_printf_a.o)
    0x08000184   0x08000184   0x0000000a   Code   RO         4067    .ARM.Collect$$_printf_percent$$00000007  c_w.l(_printf_ll.o)
    0x0800018e   0x0800018e   0x00000006   Code   RO         4056    .ARM.Collect$$_printf_percent$$00000008  c_w.l(_printf_i.o)
    0x08000194   0x08000194   0x00000006   Code   RO         4057    .ARM.Collect$$_printf_percent$$00000009  c_w.l(_printf_d.o)
    0x0800019a   0x0800019a   0x00000006   Code   RO         4058    .ARM.Collect$$_printf_percent$$0000000A  c_w.l(_printf_u.o)
    0x080001a0   0x080001a0   0x00000006   Code   RO         4055    .ARM.Collect$$_printf_percent$$0000000B  c_w.l(_printf_o.o)
    0x080001a6   0x080001a6   0x00000006   Code   RO         4053    .ARM.Collect$$_printf_percent$$0000000C  c_w.l(_printf_x.o)
    0x080001ac   0x080001ac   0x00000006   Code   RO         4064    .ARM.Collect$$_printf_percent$$0000000D  c_w.l(_printf_lli.o)
    0x080001b2   0x080001b2   0x00000006   Code   RO         4065    .ARM.Collect$$_printf_percent$$0000000E  c_w.l(_printf_lld.o)
    0x080001b8   0x080001b8   0x00000006   Code   RO         4066    .ARM.Collect$$_printf_percent$$0000000F  c_w.l(_printf_llu.o)
    0x080001be   0x080001be   0x00000006   Code   RO         4071    .ARM.Collect$$_printf_percent$$00000010  c_w.l(_printf_llo.o)
    0x080001c4   0x080001c4   0x00000006   Code   RO         4072    .ARM.Collect$$_printf_percent$$00000011  c_w.l(_printf_llx.o)
    0x080001ca   0x080001ca   0x0000000a   Code   RO         4068    .ARM.Collect$$_printf_percent$$00000012  c_w.l(_printf_l.o)
    0x080001d4   0x080001d4   0x00000006   Code   RO         4050    .ARM.Collect$$_printf_percent$$00000013  c_w.l(_printf_c.o)
    0x080001da   0x080001da   0x00000006   Code   RO         4051    .ARM.Collect$$_printf_percent$$00000014  c_w.l(_printf_s.o)
    0x080001e0   0x080001e0   0x00000006   Code   RO         4069    .ARM.Collect$$_printf_percent$$00000015  c_w.l(_printf_lc.o)
    0x080001e6   0x080001e6   0x00000006   Code   RO         4070    .ARM.Collect$$_printf_percent$$00000016  c_w.l(_printf_ls.o)
    0x080001ec   0x080001ec   0x00000004   Code   RO         4173    .ARM.Collect$$_printf_percent$$00000017  c_w.l(_printf_percent_end.o)
    0x080001f0   0x080001f0   0x00000002   Code   RO         4231    .ARM.Collect$$libinit$$00000000  c_w.l(libinit.o)
    0x080001f2   0x080001f2   0x00000000   Code   RO         4242    .ARM.Collect$$libinit$$00000002  c_w.l(libinit2.o)
    0x080001f2   0x080001f2   0x00000000   Code   RO         4244    .ARM.Collect$$libinit$$00000004  c_w.l(libinit2.o)
    0x080001f2   0x080001f2   0x00000000   Code   RO         4247    .ARM.Collect$$libinit$$0000000A  c_w.l(libinit2.o)
    0x080001f2   0x080001f2   0x00000000   Code   RO         4249    .ARM.Collect$$libinit$$0000000C  c_w.l(libinit2.o)
    0x080001f2   0x080001f2   0x00000000   Code   RO         4251    .ARM.Collect$$libinit$$0000000E  c_w.l(libinit2.o)
    0x080001f2   0x080001f2   0x00000006   Code   RO         4252    .ARM.Collect$$libinit$$0000000F  c_w.l(libinit2.o)
    0x080001f8   0x080001f8   0x00000000   Code   RO         4254    .ARM.Collect$$libinit$$00000011  c_w.l(libinit2.o)
    0x080001f8   0x080001f8   0x0000000c   Code   RO         4255    .ARM.Collect$$libinit$$00000012  c_w.l(libinit2.o)
    0x08000204   0x08000204   0x00000000   Code   RO         4256    .ARM.Collect$$libinit$$00000013  c_w.l(libinit2.o)
    0x08000204   0x08000204   0x00000000   Code   RO         4258    .ARM.Collect$$libinit$$00000015  c_w.l(libinit2.o)
    0x08000204   0x08000204   0x0000000a   Code   RO         4259    .ARM.Collect$$libinit$$00000016  c_w.l(libinit2.o)
    0x0800020e   0x0800020e   0x00000000   Code   RO         4260    .ARM.Collect$$libinit$$00000017  c_w.l(libinit2.o)
    0x0800020e   0x0800020e   0x00000000   Code   RO         4262    .ARM.Collect$$libinit$$00000019  c_w.l(libinit2.o)
    0x0800020e   0x0800020e   0x00000000   Code   RO         4264    .ARM.Collect$$libinit$$0000001B  c_w.l(libinit2.o)
    0x0800020e   0x0800020e   0x00000000   Code   RO         4266    .ARM.Collect$$libinit$$0000001D  c_w.l(libinit2.o)
    0x0800020e   0x0800020e   0x00000000   Code   RO         4268    .ARM.Collect$$libinit$$0000001F  c_w.l(libinit2.o)
    0x0800020e   0x0800020e   0x00000000   Code   RO         4270    .ARM.Collect$$libinit$$00000021  c_w.l(libinit2.o)
    0x0800020e   0x0800020e   0x00000000   Code   RO         4272    .ARM.Collect$$libinit$$00000023  c_w.l(libinit2.o)
    0x0800020e   0x0800020e   0x00000000   Code   RO         4274    .ARM.Collect$$libinit$$00000025  c_w.l(libinit2.o)
    0x0800020e   0x0800020e   0x00000000   Code   RO         4278    .ARM.Collect$$libinit$$0000002C  c_w.l(libinit2.o)
    0x0800020e   0x0800020e   0x00000000   Code   RO         4280    .ARM.Collect$$libinit$$0000002E  c_w.l(libinit2.o)
    0x0800020e   0x0800020e   0x00000000   Code   RO         4282    .ARM.Collect$$libinit$$00000030  c_w.l(libinit2.o)
    0x0800020e   0x0800020e   0x00000000   Code   RO         4284    .ARM.Collect$$libinit$$00000032  c_w.l(libinit2.o)
    0x0800020e   0x0800020e   0x00000002   Code   RO         4285    .ARM.Collect$$libinit$$00000033  c_w.l(libinit2.o)
    0x08000210   0x08000210   0x00000002   Code   RO         4307    .ARM.Collect$$libshutdown$$00000000  c_w.l(libshutdown.o)
    0x08000212   0x08000212   0x00000000   Code   RO         4320    .ARM.Collect$$libshutdown$$00000002  c_w.l(libshutdown2.o)
    0x08000212   0x08000212   0x00000000   Code   RO         4322    .ARM.Collect$$libshutdown$$00000004  c_w.l(libshutdown2.o)
    0x08000212   0x08000212   0x00000000   Code   RO         4325    .ARM.Collect$$libshutdown$$00000007  c_w.l(libshutdown2.o)
    0x08000212   0x08000212   0x00000000   Code   RO         4328    .ARM.Collect$$libshutdown$$0000000A  c_w.l(libshutdown2.o)
    0x08000212   0x08000212   0x00000000   Code   RO         4330    .ARM.Collect$$libshutdown$$0000000C  c_w.l(libshutdown2.o)
    0x08000212   0x08000212   0x00000000   Code   RO         4333    .ARM.Collect$$libshutdown$$0000000F  c_w.l(libshutdown2.o)
    0x08000212   0x08000212   0x00000002   Code   RO         4334    .ARM.Collect$$libshutdown$$00000010  c_w.l(libshutdown2.o)
    0x08000214   0x08000214   0x00000000   Code   RO         3979    .ARM.Collect$$rtentry$$00000000  c_w.l(__rtentry.o)
    0x08000214   0x08000214   0x00000000   Code   RO         4139    .ARM.Collect$$rtentry$$00000002  c_w.l(__rtentry2.o)
    0x08000214   0x08000214   0x00000006   Code   RO         4151    .ARM.Collect$$rtentry$$00000004  c_w.l(__rtentry4.o)
    0x0800021a   0x0800021a   0x00000000   Code   RO         4141    .ARM.Collect$$rtentry$$00000009  c_w.l(__rtentry2.o)
    0x0800021a   0x0800021a   0x00000004   Code   RO         4142    .ARM.Collect$$rtentry$$0000000A  c_w.l(__rtentry2.o)
    0x0800021e   0x0800021e   0x00000000   Code   RO         4144    .ARM.Collect$$rtentry$$0000000C  c_w.l(__rtentry2.o)
    0x0800021e   0x0800021e   0x00000008   Code   RO         4145    .ARM.Collect$$rtentry$$0000000D  c_w.l(__rtentry2.o)
    0x08000226   0x08000226   0x00000002   Code   RO         4236    .ARM.Collect$$rtexit$$00000000  c_w.l(rtexit.o)
    0x08000228   0x08000228   0x00000000   Code   RO         4289    .ARM.Collect$$rtexit$$00000002  c_w.l(rtexit2.o)
    0x08000228   0x08000228   0x00000004   Code   RO         4290    .ARM.Collect$$rtexit$$00000003  c_w.l(rtexit2.o)
    0x0800022c   0x0800022c   0x00000006   Code   RO         4291    .ARM.Collect$$rtexit$$00000004  c_w.l(rtexit2.o)
    0x08000232   0x08000232   0x00000002   PAD
    0x08000234   0x08000234   0x00000040   Code   RO           20    .text               startup_stm32f10x_md.o
    0x08000274   0x08000274   0x00000024   Code   RO         3896    .text               c_w.l(vsprintf.o)
    0x08000298   0x08000298   0x00000048   Code   RO         3898    .text               c_w.l(strcpy.o)
    0x080002e0   0x080002e0   0x00000064   Code   RO         3900    .text               c_w.l(rt_memcpy_w.o)
    0x08000344   0x08000344   0x00000080   Code   RO         3902    .text               c_w.l(strcmpv7m.o)
    0x080003c4   0x080003c4   0x0000000c   Code   RO         3904    .text               c_w.l(localtime.o)
    0x080003d0   0x080003d0   0x000001ac   Code   RO         3907    .text               c_w.l(mktime.o)
    0x0800057c   0x0800057c   0x00000006   Code   RO         3909    .text               c_w.l(heapauxi.o)
    0x08000582   0x08000582   0x0000004e   Code   RO         3984    .text               c_w.l(_printf_pad.o)
    0x080005d0   0x080005d0   0x00000024   Code   RO         3986    .text               c_w.l(_printf_truncate.o)
    0x080005f4   0x080005f4   0x00000052   Code   RO         3988    .text               c_w.l(_printf_str.o)
    0x08000646   0x08000646   0x00000002   PAD
    0x08000648   0x08000648   0x00000078   Code   RO         3990    .text               c_w.l(_printf_dec.o)
    0x080006c0   0x080006c0   0x00000028   Code   RO         3992    .text               c_w.l(_printf_charcount.o)
    0x080006e8   0x080006e8   0x00000030   Code   RO         3994    .text               c_w.l(_printf_char_common.o)
    0x08000718   0x08000718   0x0000000a   Code   RO         3996    .text               c_w.l(_sputc.o)
    0x08000722   0x08000722   0x00000002   PAD
    0x08000724   0x08000724   0x000000bc   Code   RO         3998    .text               c_w.l(_printf_wctomb.o)
    0x080007e0   0x080007e0   0x0000007c   Code   RO         4001    .text               c_w.l(_printf_longlong_dec.o)
    0x0800085c   0x0800085c   0x00000070   Code   RO         4007    .text               c_w.l(_printf_oct_int_ll.o)
    0x080008cc   0x080008cc   0x00000094   Code   RO         4027    .text               c_w.l(_printf_hex_int_ll_ptr.o)
    0x08000960   0x08000960   0x00000188   Code   RO         4047    .text               c_w.l(__printf_flags_ss_wp.o)
    0x08000ae8   0x08000ae8   0x000000b8   Code   RO         4074    .text               c_w.l(localtime_internal.o)
    0x08000ba0   0x08000ba0   0x0000008a   Code   RO         4158    .text               c_w.l(lludiv10.o)
    0x08000c2a   0x08000c2a   0x000000b2   Code   RO         4160    .text               c_w.l(_printf_intcommon.o)
    0x08000cdc   0x08000cdc   0x0000041e   Code   RO         4162    .text               c_w.l(_printf_fp_dec.o)
    0x080010fa   0x080010fa   0x00000002   PAD
    0x080010fc   0x080010fc   0x000002fc   Code   RO         4164    .text               c_w.l(_printf_fp_hex.o)
    0x080013f8   0x080013f8   0x0000002c   Code   RO         4169    .text               c_w.l(_printf_char.o)
    0x08001424   0x08001424   0x0000002c   Code   RO         4171    .text               c_w.l(_printf_wchar.o)
    0x08001450   0x08001450   0x00000040   Code   RO         4174    .text               c_w.l(_wcrtomb.o)
    0x08001490   0x08001490   0x0000004e   Code   RO         4176    .text               c_w.l(rt_memclr_w.o)
    0x080014de   0x080014de   0x00000002   PAD
    0x080014e0   0x080014e0   0x00000008   Code   RO         4182    .text               c_w.l(libspace.o)
    0x080014e8   0x080014e8   0x0000004a   Code   RO         4185    .text               c_w.l(sys_stackheap_outer.o)
    0x08001532   0x08001532   0x00000002   PAD
    0x08001534   0x08001534   0x00000010   Code   RO         4187    .text               c_w.l(rt_ctype_table.o)
    0x08001544   0x08001544   0x00000008   Code   RO         4192    .text               c_w.l(rt_locale_intlibspace.o)
    0x0800154c   0x0800154c   0x00000080   Code   RO         4194    .text               c_w.l(_printf_fp_infnan.o)
    0x080015cc   0x080015cc   0x000000e4   Code   RO         4196    .text               c_w.l(bigflt0.o)
    0x080016b0   0x080016b0   0x00000012   Code   RO         4224    .text               c_w.l(exit.o)
    0x080016c2   0x080016c2   0x00000002   PAD
    0x080016c4   0x080016c4   0x0000000c   Code   RO         4299    .text               c_w.l(sys_exit.o)
    0x080016d0   0x080016d0   0x00000002   Code   RO         4310    .text               c_w.l(use_no_semi.o)
    0x080016d2   0x080016d2   0x00000000   Code   RO         4312    .text               c_w.l(indicate_semi.o)
    0x080016d2   0x080016d2   0x0000003e   Code   RO         4199    CL$$btod_d2e        c_w.l(btod.o)
    0x08001710   0x08001710   0x00000046   Code   RO         4201    CL$$btod_d2e_denorm_low  c_w.l(btod.o)
    0x08001756   0x08001756   0x00000060   Code   RO         4200    CL$$btod_d2e_norm_op1  c_w.l(btod.o)
    0x080017b6   0x080017b6   0x00000338   Code   RO         4209    CL$$btod_div_common  c_w.l(btod.o)
    0x08001aee   0x08001aee   0x000000dc   Code   RO         4206    CL$$btod_e2e        c_w.l(btod.o)
    0x08001bca   0x08001bca   0x0000002a   Code   RO         4203    CL$$btod_ediv       c_w.l(btod.o)
    0x08001bf4   0x08001bf4   0x0000002a   Code   RO         4202    CL$$btod_emul       c_w.l(btod.o)
    0x08001c1e   0x08001c1e   0x00000244   Code   RO         4208    CL$$btod_mult_common  c_w.l(btod.o)
    0x08001e62   0x08001e62   0x00000002   PAD
    0x08001e64   0x08001e64   0x0000001c   Code   RO          431    i.BKP_ReadBackupRegister  stm32f10x_bkp.o
    0x08001e80   0x08001e80   0x0000001c   Code   RO          435    i.BKP_WriteBackupRegister  stm32f10x_bkp.o
    0x08001e9c   0x08001e9c   0x00000004   Code   RO         3312    i.BusFault_Handler  stm32f10x_it.o
    0x08001ea0   0x08001ea0   0x00000044   Code   RO         3399    i.Button_any_close  gpio_init.o
    0x08001ee4   0x08001ee4   0x00000002   Code   RO         3313    i.DebugMon_Handler  stm32f10x_it.o
    0x08001ee6   0x08001ee6   0x00000018   Code   RO         3375    i.Delay_ms          delay.o
    0x08001efe   0x08001efe   0x0000002e   Code   RO         3377    i.Delay_us          delay.o
    0x08001f2c   0x08001f2c   0x0000002c   Code   RO         3401    i.GPIOA_init        gpio_init.o
    0x08001f58   0x08001f58   0x00000116   Code   RO         1347    i.GPIO_Init         stm32f10x_gpio.o
    0x0800206e   0x0800206e   0x00000012   Code   RO         1351    i.GPIO_ReadInputDataBit  stm32f10x_gpio.o
    0x08002080   0x08002080   0x0000000a   Code   RO         1358    i.GPIO_WriteBit     stm32f10x_gpio.o
    0x0800208a   0x0800208a   0x00000004   Code   RO         3314    i.HardFault_Handler  stm32f10x_it.o
    0x0800208e   0x0800208e   0x00000002   PAD
    0x08002090   0x08002090   0x0000002c   Code   RO         3404    i.Indicator_light_init  gpio_init.o
    0x080020bc   0x080020bc   0x00000032   Code   RO         3759    i.Key_check         key.o
    0x080020ee   0x080020ee   0x0000000c   Code   RO         3760    i.Key_init          key.o
    0x080020fa   0x080020fa   0x00000004   Code   RO         3315    i.MemManage_Handler  stm32f10x_it.o
    0x080020fe   0x080020fe   0x00000002   PAD
    0x08002100   0x08002100   0x00000048   Code   RO         3729    i.MyRTC_gettime     myrtc.o
    0x08002148   0x08002148   0x00000072   Code   RO         3730    i.MyRTC_init        myrtc.o
    0x080021ba   0x080021ba   0x00000002   PAD
    0x080021bc   0x080021bc   0x0000004c   Code   RO         3731    i.MyRTC_settime     myrtc.o
    0x08002208   0x08002208   0x00000034   Code   RO         3838    i.NFC_Clear_status  nfc_usart.o
    0x0800223c   0x0800223c   0x00000024   Code   RO         3839    i.NFC_GET_UID       nfc_usart.o
    0x08002260   0x08002260   0x00000028   Code   RO         3840    i.NFC_ReadIDCard    nfc_usart.o
    0x08002288   0x08002288   0x00000038   Code   RO         3842    i.NFC_Send_SAM_command  nfc_usart.o
    0x080022c0   0x080022c0   0x0000008c   Code   RO         3844    i.NFC_USART_init    nfc_usart.o
    0x0800234c   0x0800234c   0x00000002   Code   RO         3316    i.NMI_Handler       stm32f10x_it.o
    0x0800234e   0x0800234e   0x00000002   PAD
    0x08002350   0x08002350   0x00000070   Code   RO          137    i.NVIC_Init         misc.o
    0x080023c0   0x080023c0   0x00000014   Code   RO          138    i.NVIC_PriorityGroupConfig  misc.o
    0x080023d4   0x080023d4   0x00000028   Code   RO         3444    i.OLED_Clear        oled.o
    0x080023fc   0x080023fc   0x00000090   Code   RO         3445    i.OLED_ClearArea    oled.o
    0x0800248c   0x0800248c   0x00000050   Code   RO         3450    i.OLED_DrawPoint    oled.o
    0x080024dc   0x080024dc   0x0000008e   Code   RO         3451    i.OLED_DrawRectangle  oled.o
    0x0800256a   0x0800256a   0x00000002   PAD
    0x0800256c   0x0800256c   0x000000b0   Code   RO         3453    i.OLED_GPIO_Init    oled.o
    0x0800261c   0x0800261c   0x0000009a   Code   RO         3455    i.OLED_Init         oled.o
    0x080026b6   0x080026b6   0x00000032   Code   RO         3458    i.OLED_Printf       oled.o
    0x080026e8   0x080026e8   0x00000090   Code   RO         3460    i.OLED_ReverseArea  oled.o
    0x08002778   0x08002778   0x00000032   Code   RO         3461    i.OLED_SPI_SendByte  oled.o
    0x080027aa   0x080027aa   0x00000022   Code   RO         3462    i.OLED_SetCursor    oled.o
    0x080027cc   0x080027cc   0x00000054   Code   RO         3464    i.OLED_ShowChar     oled.o
    0x08002820   0x08002820   0x000000fc   Code   RO         3467    i.OLED_ShowImage    oled.o
    0x0800291c   0x0800291c   0x000001c4   Code   RO         3470    i.OLED_ShowString   oled.o
    0x08002ae0   0x08002ae0   0x00000028   Code   RO         3471    i.OLED_Update       oled.o
    0x08002b08   0x08002b08   0x00000018   Code   RO         3473    i.OLED_W_CS         oled.o
    0x08002b20   0x08002b20   0x00000018   Code   RO         3474    i.OLED_W_D0         oled.o
    0x08002b38   0x08002b38   0x00000018   Code   RO         3475    i.OLED_W_D1         oled.o
    0x08002b50   0x08002b50   0x00000018   Code   RO         3476    i.OLED_W_DC         oled.o
    0x08002b68   0x08002b68   0x00000018   Code   RO         3477    i.OLED_W_RES        oled.o
    0x08002b80   0x08002b80   0x0000001e   Code   RO         3478    i.OLED_WriteCommand  oled.o
    0x08002b9e   0x08002b9e   0x0000002c   Code   RO         3479    i.OLED_WriteData    oled.o
    0x08002bca   0x08002bca   0x00000002   PAD
    0x08002bcc   0x08002bcc   0x0000000c   Code   RO         1710    i.PWR_BackupAccessCmd  stm32f10x_pwr.o
    0x08002bd8   0x08002bd8   0x00000002   Code   RO         3317    i.PendSV_Handler    stm32f10x_it.o
    0x08002bda   0x08002bda   0x00000002   PAD
    0x08002bdc   0x08002bdc   0x00000020   Code   RO         1775    i.RCC_APB1PeriphClockCmd  stm32f10x_rcc.o
    0x08002bfc   0x08002bfc   0x00000020   Code   RO         1777    i.RCC_APB2PeriphClockCmd  stm32f10x_rcc.o
    0x08002c1c   0x08002c1c   0x000000d4   Code   RO         1785    i.RCC_GetClocksFreq  stm32f10x_rcc.o
    0x08002cf0   0x08002cf0   0x0000003c   Code   RO         1786    i.RCC_GetFlagStatus  stm32f10x_rcc.o
    0x08002d2c   0x08002d2c   0x00000034   Code   RO         1793    i.RCC_LSEConfig     stm32f10x_rcc.o
    0x08002d60   0x08002d60   0x0000000c   Code   RO         1800    i.RCC_RTCCLKCmd     stm32f10x_rcc.o
    0x08002d6c   0x08002d6c   0x00000010   Code   RO         1801    i.RCC_RTCCLKConfig  stm32f10x_rcc.o
    0x08002d7c   0x08002d7c   0x00000014   Code   RO         1978    i.RTC_EnterConfigMode  stm32f10x_rtc.o
    0x08002d90   0x08002d90   0x00000014   Code   RO         1979    i.RTC_ExitConfigMode  stm32f10x_rtc.o
    0x08002da4   0x08002da4   0x00000014   Code   RO         1980    i.RTC_GetCounter    stm32f10x_rtc.o
    0x08002db8   0x08002db8   0x0000001c   Code   RO         1986    i.RTC_SetCounter    stm32f10x_rtc.o
    0x08002dd4   0x08002dd4   0x00000020   Code   RO         1987    i.RTC_SetPrescaler  stm32f10x_rtc.o
    0x08002df4   0x08002df4   0x00000014   Code   RO         1988    i.RTC_WaitForLastTask  stm32f10x_rtc.o
    0x08002e08   0x08002e08   0x00000024   Code   RO         1989    i.RTC_WaitForSynchro  stm32f10x_rtc.o
    0x08002e2c   0x08002e2c   0x00000002   Code   RO         3318    i.SVC_Handler       stm32f10x_it.o
    0x08002e2e   0x08002e2e   0x00000018   Code   RO         3794    i.Serial_SendArray  serial.o
    0x08002e46   0x08002e46   0x00000002   PAD
    0x08002e48   0x08002e48   0x00000020   Code   RO         3795    i.Serial_SendByte   serial.o
    0x08002e68   0x08002e68   0x000000c0   Code   RO         3796    i.Serial_init       serial.o
    0x08002f28   0x08002f28   0x00000008   Code   RO           24    i.SetSysClock       system_stm32f10x.o
    0x08002f30   0x08002f30   0x000000e0   Code   RO           25    i.SetSysClockTo72   system_stm32f10x.o
    0x08003010   0x08003010   0x00000002   Code   RO         3319    i.SysTick_Handler   stm32f10x_it.o
    0x08003012   0x08003012   0x00000002   PAD
    0x08003014   0x08003014   0x00000060   Code   RO           27    i.SystemInit        system_stm32f10x.o
    0x08003074   0x08003074   0x00000064   Code   RO         3196    i.Tran_Hex2Str      main.o
    0x080030d8   0x080030d8   0x00000040   Code   RO         3797    i.USART3_IRQHandler  serial.o
    0x08003118   0x08003118   0x0000001e   Code   RO         2957    i.USART_ClearITPendingBit  stm32f10x_usart.o
    0x08003136   0x08003136   0x00000018   Code   RO         2960    i.USART_Cmd         stm32f10x_usart.o
    0x0800314e   0x0800314e   0x0000001a   Code   RO         2963    i.USART_GetFlagStatus  stm32f10x_usart.o
    0x08003168   0x08003168   0x00000054   Code   RO         2964    i.USART_GetITStatus  stm32f10x_usart.o
    0x080031bc   0x080031bc   0x0000004a   Code   RO         2966    i.USART_ITConfig    stm32f10x_usart.o
    0x08003206   0x08003206   0x00000002   PAD
    0x08003208   0x08003208   0x000000d8   Code   RO         2967    i.USART_Init        stm32f10x_usart.o
    0x080032e0   0x080032e0   0x0000000a   Code   RO         2974    i.USART_ReceiveData  stm32f10x_usart.o
    0x080032ea   0x080032ea   0x00000008   Code   RO         2977    i.USART_SendData    stm32f10x_usart.o
    0x080032f2   0x080032f2   0x00000004   Code   RO         3320    i.UsageFault_Handler  stm32f10x_it.o
    0x080032f6   0x080032f6   0x00000028   Code   RO         4125    i.__ARM_fpclassify  m_ws.l(fpclassify.o)
    0x0800331e   0x0800331e   0x0000000e   Code   RO         4040    i._is_digit         c_w.l(__printf_wp.o)
    0x0800332c   0x0800332c   0x000000c0   Code   RO         3197    i.activate_page     main.o
    0x080033ec   0x080033ec   0x000000c4   Code   RO         3198    i.data_init         main.o
    0x080034b0   0x080034b0   0x0000004c   Code   RO         3199    i.game_page         main.o
    0x080034fc   0x080034fc   0x00000104   Code   RO         3200    i.home_page         main.o
    0x08003600   0x08003600   0x00000060   Code   RO         3201    i.main              main.o
    0x08003660   0x08003660   0x00000130   Code   RO         3202    i.menu_page         main.o
    0x08003790   0x08003790   0x000001e4   Code   RO         3203    i.read_page         main.o
    0x08003974   0x08003974   0x000000f4   Code   RO         3204    i.reverse_menu      main.o
    0x08003a68   0x08003a68   0x00000054   Code   RO         3205    i.write_page        main.o
    0x08003abc   0x08003abc   0x000000c0   Code   RO         3206    i.write_page_nread_card  main.o
    0x08003b7c   0x08003b7c   0x00000238   Code   RO         3207    i.write_page_read_card  main.o
    0x08003db4   0x08003db4   0x0000002c   Code   RO         4222    locale$$code        c_w.l(lc_numeric_c.o)
    0x08003de0   0x08003de0   0x0000002c   Code   RO         4239    locale$$code        c_w.l(lc_ctype_c.o)
    0x08003e0c   0x08003e0c   0x000002b0   Code   RO         3922    x$fpl$ddiv          fz_ws.l(ddiv.o)
    0x080040bc   0x080040bc   0x0000005e   Code   RO         3925    x$fpl$dfix          fz_ws.l(dfix.o)
    0x0800411a   0x0800411a   0x0000002e   Code   RO         3934    x$fpl$dflt          fz_ws.l(dflt_clz.o)
    0x08004148   0x08004148   0x00000026   Code   RO         3933    x$fpl$dfltu         fz_ws.l(dflt_clz.o)
    0x0800416e   0x0800416e   0x00000002   PAD
    0x08004170   0x08004170   0x00000154   Code   RO         3941    x$fpl$dmul          fz_ws.l(dmul.o)
    0x080042c4   0x080042c4   0x0000009c   Code   RO         4078    x$fpl$dnaninf       fz_ws.l(dnaninf.o)
    0x08004360   0x08004360   0x0000000c   Code   RO         4080    x$fpl$dretinf       fz_ws.l(dretinf.o)
    0x0800436c   0x0800436c   0x00000004   Code   RO         4090    x$fpl$printf1       fz_ws.l(printf1.o)
    0x08004370   0x08004370   0x00000004   Code   RO         4092    x$fpl$printf2       fz_ws.l(printf2.o)
    0x08004374   0x08004374   0x00000000   Code   RO         4100    x$fpl$usenofp       fz_ws.l(usenofp.o)
    0x08004374   0x08004374   0x000009c5   Data   RO         3780    .constdata          oled_data.o
    0x08004d39   0x08004d39   0x00000003   PAD
    0x08004d3c   0x08004d3c   0x00000008   Data   RO         3999    .constdata          c_w.l(_printf_wctomb.o)
    0x08004d44   0x08004d44   0x00000028   Data   RO         4028    .constdata          c_w.l(_printf_hex_int_ll_ptr.o)
    0x08004d6c   0x08004d6c   0x00000011   Data   RO         4048    .constdata          c_w.l(__printf_flags_ss_wp.o)
    0x08004d7d   0x08004d7d   0x0000000c   Data   RO         4073    .constdata          c_w.l(_monlen.o)
    0x08004d89   0x08004d89   0x00000026   Data   RO         4165    .constdata          c_w.l(_printf_fp_hex.o)
    0x08004daf   0x08004daf   0x00000001   PAD
    0x08004db0   0x08004db0   0x00000094   Data   RO         4197    .constdata          c_w.l(bigflt0.o)
    0x08004e44   0x08004e44   0x00000020   Data   RO         4365    Region$$Table       anon$$obj.o
    0x08004e64   0x08004e64   0x0000001c   Data   RO         4221    locale$$data        c_w.l(lc_numeric_c.o)
    0x08004e80   0x08004e80   0x00000110   Data   RO         4238    locale$$data        c_w.l(lc_ctype_c.o)


    Execution Region RW_IRAM1 (Exec base: 0x20000000, Load base: 0x08004f90, Size: 0x00000ee8, Max: 0x00005000, ABSOLUTE)

    Exec Addr    Load Addr    Size         Type   Attr      Idx    E Section Name        Object

    0x20000000   0x08004f90   0x00000014   Data   RW         1805    .data               stm32f10x_rcc.o
    0x20000014   0x08004fa4   0x0000000f   Data   RW         3209    .data               main.o
    0x20000023   0x08004fb3   0x00000001   PAD
    0x20000024   0x08004fb4   0x0000000c   Data   RW         3732    .data               myrtc.o
    0x20000030   0x08004fc0   0x00000004   Data   RW         3799    .data               serial.o
    0x20000034   0x08004fc4   0x00000008   Data   RW         3846    .data               nfc_usart.o
    0x2000003c        -       0x000003f2   Zero   RW         3208    .bss                main.o
    0x2000042e        -       0x00000400   Zero   RW         3481    .bss                oled.o
    0x2000082e        -       0x00000028   Zero   RW         3798    .bss                serial.o
    0x20000856   0x08004fcc   0x00000002   PAD
    0x20000858        -       0x0000002c   Zero   RW         3905    .bss                c_w.l(localtime.o)
    0x20000884        -       0x00000060   Zero   RW         4183    .bss                c_w.l(libspace.o)
    0x200008e4   0x08004fcc   0x00000004   PAD
    0x200008e8        -       0x00000200   Zero   RW           18    HEAP                startup_stm32f10x_md.o
    0x20000ae8        -       0x00000400   Zero   RW           17    STACK               startup_stm32f10x_md.o


==============================================================================

Image component sizes


      Code (inc. data)   RO Data    RW Data    ZI Data      Debug   Object Name

         0          0          0          0          0       4540   core_cm3.o
        70          0          0          0          0        922   delay.o
       156         16          0          0          0       1587   gpio_init.o
        62          0          0          0          0       1299   key.o
      2796        552          0         15       1010       8060   main.o
       132         22          0          0          0     204747   misc.o
       262         10          0         12          0       3002   myrtc.o
       324        102          0          8          0       3200   nfc_usart.o
      2036         84          0          0       1024      13808   oled.o
         0          0       2501          0          0       1104   oled_data.o
       312         26          0          4         40       2875   serial.o
        64         26        236          0       1536        792   startup_stm32f10x_md.o
         0          0          0          0          0       1656   stm32f10x_adc.o
        56         10          0          0          0       2079   stm32f10x_bkp.o
       306          0          0          0          0      11332   stm32f10x_gpio.o
        26          0          0          0          0       3730   stm32f10x_it.o
        12          6          0          0          0        474   stm32f10x_pwr.o
       416         52          0         20          0      15037   stm32f10x_rcc.o
       176         34          0          0          0       3271   stm32f10x_rtc.o
       472          6          0          0          0      12467   stm32f10x_usart.o
       328         28          0          0          0      24885   system_stm32f10x.o

    ----------------------------------------------------------------------
      8026        974       2772         60       3612     320867   Object Totals
         0          0         32          0          0          0   (incl. Generated)
        20          0          3          1          2          0   (incl. Padding)

    ----------------------------------------------------------------------

      Code (inc. data)   RO Data    RW Data    ZI Data      Debug   Library Member Name

         8          0          0          0          0         68   __main.o
       392          4         17          0          0         92   __printf_flags_ss_wp.o
        14          0          0          0          0         68   __printf_wp.o
         0          0          0          0          0          0   __rtentry.o
        12          0          0          0          0          0   __rtentry2.o
         6          0          0          0          0          0   __rtentry4.o
        52          8          0          0          0          0   __scatter.o
        26          0          0          0          0          0   __scatter_copy.o
        28          0          0          0          0          0   __scatter_zi.o
         0          0         12          0          0          0   _monlen.o
         6          0          0          0          0          0   _printf_a.o
         6          0          0          0          0          0   _printf_c.o
        44          0          0          0          0        108   _printf_char.o
        48          6          0          0          0         96   _printf_char_common.o
        40          0          0          0          0         68   _printf_charcount.o
         6          0          0          0          0          0   _printf_d.o
       120         16          0          0          0         92   _printf_dec.o
         6          0          0          0          0          0   _printf_e.o
         6          0          0          0          0          0   _printf_f.o
      1054          0          0          0          0        216   _printf_fp_dec.o
       764          8         38          0          0        100   _printf_fp_hex.o
       128         16          0          0          0         84   _printf_fp_infnan.o
         6          0          0          0          0          0   _printf_g.o
       148          4         40          0          0        160   _printf_hex_int_ll_ptr.o
         6          0          0          0          0          0   _printf_i.o
       178          0          0          0          0         88   _printf_intcommon.o
        10          0          0          0          0          0   _printf_l.o
         6          0          0          0          0          0   _printf_lc.o
        10          0          0          0          0          0   _printf_ll.o
         6          0          0          0          0          0   _printf_lld.o
         6          0          0          0          0          0   _printf_lli.o
         6          0          0          0          0          0   _printf_llo.o
         6          0          0          0          0          0   _printf_llu.o
         6          0          0          0          0          0   _printf_llx.o
       124         16          0          0          0         92   _printf_longlong_dec.o
         6          0          0          0          0          0   _printf_ls.o
         6          0          0          0          0          0   _printf_n.o
         6          0          0          0          0          0   _printf_o.o
       112         10          0          0          0        124   _printf_oct_int_ll.o
         6          0          0          0          0          0   _printf_p.o
        78          0          0          0          0        108   _printf_pad.o
         0          0          0          0          0          0   _printf_percent.o
         4          0          0          0          0          0   _printf_percent_end.o
         6          0          0          0          0          0   _printf_s.o
        82          0          0          0          0         80   _printf_str.o
        36          0          0          0          0         84   _printf_truncate.o
         6          0          0          0          0          0   _printf_u.o
        44          0          0          0          0        108   _printf_wchar.o
       188          6          8          0          0         92   _printf_wctomb.o
         6          0          0          0          0          0   _printf_x.o
        10          0          0          0          0         68   _sputc.o
        64          0          0          0          0         92   _wcrtomb.o
       228          4        148          0          0         96   bigflt0.o
      1936        128          0          0          0        672   btod.o
        18          0          0          0          0         80   exit.o
         6          0          0          0          0        152   heapauxi.o
         0          0          0          0          0          0   indicate_semi.o
        44         10        272          0          0         76   lc_ctype_c.o
        44         10         28          0          0         76   lc_numeric_c.o
         2          0          0          0          0          0   libinit.o
        30          0          0          0          0          0   libinit2.o
         2          0          0          0          0          0   libshutdown.o
         2          0          0          0          0          0   libshutdown2.o
         8          4          0          0         96         68   libspace.o
       138          0          0          0          0         80   lludiv10.o
        12          6          0          0         44         68   localtime.o
       184          6          0          0          0         80   localtime_internal.o
       428         10          0          0          0        116   mktime.o
        16          4          0          0          0         76   rt_ctype_table.o
         8          4          0          0          0         68   rt_locale_intlibspace.o
        78          0          0          0          0         80   rt_memclr_w.o
       100          0          0          0          0         80   rt_memcpy_w.o
         2          0          0          0          0          0   rtexit.o
        10          0          0          0          0          0   rtexit2.o
       128          0          0          0          0         68   strcmpv7m.o
        72          0          0          0          0         80   strcpy.o
        12          4          0          0          0         68   sys_exit.o
        74          0          0          0          0         80   sys_stackheap_outer.o
         2          0          0          0          0         68   use_no_semi.o
        36          4          0          0          0         76   vsprintf.o
       688        140          0          0          0        208   ddiv.o
        94          4          0          0          0         92   dfix.o
        84          0          0          0          0        136   dflt_clz.o
       340         12          0          0          0        104   dmul.o
       156          4          0          0          0         92   dnaninf.o
        12          0          0          0          0         68   dretinf.o
         4          0          0          0          0         68   printf1.o
         4          0          0          0          0         68   printf2.o
         0          0          0          0          0          0   usenofp.o
        40          0          0          0          0         68   fpclassify.o

    ----------------------------------------------------------------------
      9006        448        564          0        144       5300   Library Totals
        20          0          1          0          4          0   (incl. Padding)

    ----------------------------------------------------------------------

      Code (inc. data)   RO Data    RW Data    ZI Data      Debug   Library Name

      7564        288        563          0        140       4396   c_w.l
      1382        160          0          0          0        836   fz_ws.l
        40          0          0          0          0         68   m_ws.l

    ----------------------------------------------------------------------
      9006        448        564          0        144       5300   Library Totals

    ----------------------------------------------------------------------

==============================================================================


      Code (inc. data)   RO Data    RW Data    ZI Data      Debug   

     17032       1422       3336         60       3756     318675   Grand Totals
     17032       1422       3336         60       3756     318675   ELF Image Totals
     17032       1422       3336         60          0          0   ROM Totals

==============================================================================

    Total RO  Size (Code + RO Data)                20368 (  19.89kB)
    Total RW  Size (RW Data + ZI Data)              3816 (   3.73kB)
    Total ROM Size (Code + RO Data + RW Data)      20428 (  19.95kB)

==============================================================================

